QuestaSim-64 qrun 2026.1_1 Utility 2026.03 Mar  2 2026
Start time: 09:25:23 on Sep 30,2026
qrun -f qrun_experimento_ina_2adcs_configurable_to_fpga_v3.f

Formatted qrun command:
qrun
    # Expanding -f qrun_experimento_ina_2adcs_configurable_to_fpga_v3.f
        -O5
        -sv
        +define+EXPERIMENTO_CONTACTO_5K+ALTAS_FRECUENCIAS+DISPERSION_CONTACTOS+EXPERIMENTO_K_MIN+F_MIN_VAL=1000.0+F_MAX_VAL=10000.0
        -top tb_correlacion_portable_python_to_fpga_configurable
        +incdir+../src/
        -l qrun_experimento_k_extremos_to_fpga_ina_configurable_v3.log
        -batch
        -do run -all; quit -f
        ../src/FFT_mariposa.c
        ../src/dpi_guardar_datos_detalle_tiempos.c
        ../src/dpi_pkg_tiempos.sv
        ../src/electrical_pkg.sv
        ../src/bioz_block_portable_to_fpga_ina_v3.sv
        ../src/rp_adc_model_nettype.sv
        ../src/rp_dac_model_nettype.sv
        ../src/top_bioimpedancia_circuito_medida_portable_to_fpga_ina_v3.sv
        ../src/Fixed2Float.v
        ../src/Float2Fixed.v
        ../src/NormalCases.v
        ../src/Overflow.v
        ../src/SpecialCases.v
        ../src/FixedShifter.v
        ../src/FixedShiftCalc.v
        ../src/Divisor_Alg_ali2.sv
        ../src/arctan8b.sv
        ../src/arctan8better2.sv
        ../src/arctan8best.sv
        ../src/DDS_rafa_red_cuarto.sv
        ../src/fixed_pkg.vhd
        ../src/memoria_dual_port.sv
        ../src/memoria_single_port_vhdl_2008_arctan.vhd
        ../src/nuevo_radicador_rapido2.sv
        ../src/premodulo_generico_best.sv
        ../src/Control_path_dds_configurable_mejora_correlacion8_autoshunt_sweep_updown_4p_mejorado_quiza_final.sv
        ../src/tb_correlacion_ina_2adcs_configurable_to_fpga_v3.sv

** Note: (qrun-220) 'questa.ini' is used as the ini file.
** Note: (qrun-20238) Reinvoking vlog command and creating a new session as an old vlog session has been found with common files but different arguments passed:
- New Command: vlog -O5 -sv +define+EXPERIMENTO_CONTACTO_5K+ALTAS_FRECUENCIAS+DISPERSION_CONTACTOS+EXPERIMENTO_K_MIN+F_MIN_VAL=1000.0+F_MAX_VAL=10000.0 +incdir+../src/ ../src/FFT_mariposa.c ../src/dpi_guardar_datos_detalle_tiempos.c ../src/dpi_pkg_tiempos.sv ../src/electrical_pkg.sv ../src/bioz_block_portable_to_fpga_ina_v3.sv ../src/rp_adc_model_nettype.sv ../src/rp_dac_model_nettype.sv ../src/top_bioimpedancia_circuito_medida_portable_to_fpga_ina_v3.sv ../src/Fixed2Float.v ../src/Float2Fixed.v ../src/NormalCases.v ../src/Overflow.v ../src/SpecialCases.v ../src/FixedShifter.v ../src/FixedShiftCalc.v ../src/Divisor_Alg_ali2.sv ../src/arctan8b.sv ../src/arctan8better2.sv ../src/arctan8best.sv ../src/DDS_rafa_red_cuarto.sv ../src/memoria_dual_port.sv ../src/nuevo_radicador_rapido2.sv ../src/premodulo_generico_best.sv ../src/Control_path_dds_configurable_mejora_correlacion8_autoshunt_sweep_updown_4p_mejorado_quiza_final.sv ../src/tb_correlacion_ina_2adcs_configurable_to_fpga_v3.sv -work qrun.out/work -statslog qrun.out/stats_logHNBQ25 -csession=incr 
- Old Command: vlog -O5 -sv +define+EXPERIMENTO_CONTACTO_5K+ALTAS_FRECUENCIAS+DISPERSION_CONTACTOS+EXPERIMENTO_K_MIN +incdir+../src/ ../src/FFT_mariposa.c ../src/dpi_guardar_datos_detalle_tiempos.c ../src/dpi_pkg_tiempos.sv ../src/electrical_pkg.sv ../src/bioz_block_portable_to_fpga_ina_v3.sv ../src/rp_adc_model_nettype.sv ../src/rp_dac_model_nettype.sv ../src/top_bioimpedancia_circuito_medida_portable_to_fpga_ina_v3.sv ../src/Fixed2Float.v ../src/Float2Fixed.v ../src/NormalCases.v ../src/Overflow.v ../src/SpecialCases.v ../src/FixedShifter.v ../src/FixedShiftCalc.v ../src/Divisor_Alg_ali2.sv ../src/arctan8b.sv ../src/arctan8better2.sv ../src/arctan8best.sv ../src/DDS_rafa_red_cuarto.sv ../src/memoria_dual_port.sv ../src/nuevo_radicador_rapido2.sv ../src/premodulo_generico_best.sv ../src/Control_path_dds_configurable_mejora_correlacion8_autoshunt_sweep_updown_4p_mejorado_quiza_final.sv ../src/tb_correlacion_ina_2adcs_configurable_to_fpga_v3.sv -work qrun.out/work -statslog qrun.out/stats_logP97uyA -csession=incr 
QuestaSim-64 vlog 2026.1_1 Compiler 2026.03 Mar  2 2026
** Warning: (vlog-13288) Multiple macros defined in +define+ command line switch.
Start time: 09:25:23 on Sep 30,2026
vlog -O5 -sv "+define+EXPERIMENTO_CONTACTO_5K+ALTAS_FRECUENCIAS+DISPERSION_CONTACTOS+EXPERIMENTO_K_MIN+F_MIN_VAL=1000.0+F_MAX_VAL=10000.0" "+incdir+../src/" ../src/FFT_mariposa.c ../src/dpi_guardar_datos_detalle_tiempos.c ../src/dpi_pkg_tiempos.sv ../src/electrical_pkg.sv ../src/bioz_block_portable_to_fpga_ina_v3.sv ../src/rp_adc_model_nettype.sv ../src/rp_dac_model_nettype.sv ../src/top_bioimpedancia_circuito_medida_portable_to_fpga_ina_v3.sv ../src/Fixed2Float.v ../src/Float2Fixed.v ../src/NormalCases.v ../src/Overflow.v ../src/SpecialCases.v ../src/FixedShifter.v ../src/FixedShiftCalc.v ../src/Divisor_Alg_ali2.sv ../src/arctan8b.sv ../src/arctan8better2.sv ../src/arctan8best.sv ../src/DDS_rafa_red_cuarto.sv ../src/memoria_dual_port.sv ../src/nuevo_radicador_rapido2.sv ../src/premodulo_generico_best.sv ../src/Control_path_dds_configurable_mejora_correlacion8_autoshunt_sweep_updown_4p_mejorado_quiza_final.sv ../src/tb_correlacion_ina_2adcs_configurable_to_fpga_v3.sv -work qrun.out/work -statslog qrun.out/stats_logHNBQ25 -csession=incr 
** Note: (vlog-220) 'questa.ini' is used as the ini file.
** Note: (vlog-20238) Reinvoking vlog command and creating a new session as an old vlog session has been found with common files but different arguments passed:
- New Command: vlog -O5 -sv +define+EXPERIMENTO_CONTACTO_5K+ALTAS_FRECUENCIAS+DISPERSION_CONTACTOS+EXPERIMENTO_K_MIN+F_MIN_VAL=1000.0+F_MAX_VAL=10000.0 +incdir+../src/ ../src/FFT_mariposa.c ../src/dpi_guardar_datos_detalle_tiempos.c ../src/dpi_pkg_tiempos.sv ../src/electrical_pkg.sv ../src/bioz_block_portable_to_fpga_ina_v3.sv ../src/rp_adc_model_nettype.sv ../src/rp_dac_model_nettype.sv ../src/top_bioimpedancia_circuito_medida_portable_to_fpga_ina_v3.sv ../src/Fixed2Float.v ../src/Float2Fixed.v ../src/NormalCases.v ../src/Overflow.v ../src/SpecialCases.v ../src/FixedShifter.v ../src/FixedShiftCalc.v ../src/Divisor_Alg_ali2.sv ../src/arctan8b.sv ../src/arctan8better2.sv ../src/arctan8best.sv ../src/DDS_rafa_red_cuarto.sv ../src/memoria_dual_port.sv ../src/nuevo_radicador_rapido2.sv ../src/premodulo_generico_best.sv ../src/Control_path_dds_configurable_mejora_correlacion8_autoshunt_sweep_updown_4p_mejorado_quiza_final.sv ../src/tb_correlacion_ina_2adcs_configurable_to_fpga_v3.sv -work qrun.out/work -statslog qrun.out/stats_logHNBQ25 -csession=incr 
- Old Command: vlog -O5 -sv +define+EXPERIMENTO_CONTACTO_5K+ALTAS_FRECUENCIAS+DISPERSION_CONTACTOS+EXPERIMENTO_K_MIN +incdir+../src/ ../src/FFT_mariposa.c ../src/dpi_guardar_datos_detalle_tiempos.c ../src/dpi_pkg_tiempos.sv ../src/electrical_pkg.sv ../src/bioz_block_portable_to_fpga_ina_v3.sv ../src/rp_adc_model_nettype.sv ../src/rp_dac_model_nettype.sv ../src/top_bioimpedancia_circuito_medida_portable_to_fpga_ina_v3.sv ../src/Fixed2Float.v ../src/Float2Fixed.v ../src/NormalCases.v ../src/Overflow.v ../src/SpecialCases.v ../src/FixedShifter.v ../src/FixedShiftCalc.v ../src/Divisor_Alg_ali2.sv ../src/arctan8b.sv ../src/arctan8better2.sv ../src/arctan8best.sv ../src/DDS_rafa_red_cuarto.sv ../src/memoria_dual_port.sv ../src/nuevo_radicador_rapido2.sv ../src/premodulo_generico_best.sv ../src/Control_path_dds_configurable_mejora_correlacion8_autoshunt_sweep_updown_4p_mejorado_quiza_final.sv ../src/tb_correlacion_ina_2adcs_configurable_to_fpga_v3.sv -work qrun.out/work -statslog qrun.out/stats_logP97uyA -csession=incr 
-- Compiling package dpi_pkg_tiempos
-- Compiling package electrical_pkg
-- Compiling package bioz_block_portable_to_fpga_ina_v3_sv_unit
-- Importing package electrical_pkg
-- Compiling module bioz_block_portable_to_fpga_ina_v3
-- Compiling package rp_adc_model_nettype_sv_unit
-- Compiling module rp_adc_model_nettype
-- Compiling package rp_dac_model_nettype_sv_unit
-- Compiling module rp_dac_model_nettype
-- Compiling package top_bioimpedancia_circuito_medida_portable_to_fpga_ina_v3_sv_unit
-- Compiling module top_bioimpedancia_circuito_medida_portable_to_fpga_ina_v3
-- Compiling module Fixed2Float
-- Compiling module Float2Fixed
-- Compiling module NormalCases
-- Compiling module Overflow
-- Compiling module SpecialCases
-- Compiling module FixedShifter
-- Compiling module FixedShiftCalc
-- Compiling module Divisor_Alg_ali
-- Compiling module arctan8b
-- Compiling module arctan8better
-- Compiling module arctan8best
-- Compiling module DDS_rafa_cuarto
-- Compiling module memoria_dual_port
-- Compiling module radicador_64_32
-- Compiling module premodulo_best
-- Compiling module Control_path_best_rafa_mejora_correlacion_autoshunt_4p_mejorado
-- Compiling package tb_correlacion_ina_2adcs_configurable_to_fpga_v3_sv_unit
-- Importing package dpi_pkg_tiempos
-- Compiling module tb_correlacion_portable_python_to_fpga_configurable

Top level modules:
	Fixed2Float
	Float2Fixed
	arctan8b
	arctan8better
	tb_correlacion_portable_python_to_fpga_configurable
-- Compiling DPI/PLI C file ../src/FFT_mariposa.c
-- Compiling DPI/PLI C file ../src/dpi_guardar_datos_detalle_tiempos.c
End time: 09:25:23 on Sep 30,2026, Elapsed time: 0:00:00
Errors: 0, Warnings: 1
-- Skipping 'vcom -O5 ../src/fixed_pkg.vhd ../src/memoria_single_port_vhd...'
** Note: (qrun-20238) Package "qrun.out/work.dpi_pkg_tiempos" at Verilog file "../src/dpi_pkg_tiempos.sv(1)" has been modified.
QuestaSim-64 vopt 2026.1_1 Compiler 2026.03 Mar  2 2026
** Note: (vopt-14495) '-O' option is obsolete, and will be ignored.
Start time: 09:25:23 on Sep 30,2026
vopt -O5 tb_correlacion_portable_python_to_fpga_configurable -work qrun.out/work -statslog qrun.out/stats_logHNBQ25 -csession=incr -o qrun_opt -csessionid=4 
** Note: (vopt-220) 'questa.ini' is used as the ini file.

Top level modules:
	tb_correlacion_portable_python_to_fpga_configurable

Analyzing design...
-- Loading module tb_correlacion_portable_python_to_fpga_configurable
-- Loading module top_bioimpedancia_circuito_medida_portable_to_fpga_ina_v3
-- Loading module rp_dac_model_nettype
-- Loading module bioz_block_portable_to_fpga_ina_v3
-- Loading module rp_adc_model_nettype
-- Loading module Control_path_best_rafa_mejora_correlacion_autoshunt_4p_mejorado
-- Loading module premodulo_best
-- Loading module radicador_64_32
-- Loading module Divisor_Alg_ali
-- Loading module arctan8best
-- Loading package STANDARD
-- Loading package TEXTIO
-- Loading package std_logic_1164
-- Loading package std_logic_arith
-- Loading package STD_LOGIC_UNSIGNED
-- Loading package NUMERIC_STD
-- Loading package fixed_pkg
-- Loading package MATH_REAL
-- Loading entity memoria_single_port_mejorado
-- Loading architecture inferencia of memoria_single_port_mejorado
-- Loading package body fixed_pkg
-- Loading module DDS_rafa_cuarto
-- Loading module memoria_dual_port
** Warning: ../src/tb_correlacion_ina_2adcs_configurable_to_fpga_v3.sv(391): (vopt-2241) Connection width does not match width of port 'numero_rep'. The port definition is at: ../src/Control_path_dds_configurable_mejora_correlacion8_autoshunt_sweep_updown_4p_mejorado_quiza_final.sv(12). Formal Port width: 9 and Actual Port width: 32.
Incremental compilation check found 3 design-units (out of 22) may be reused.
Optimizing 19 design-units (inlining 16/17 module instances, 0/2 architecture instances):
-- Optimizing package dpi_pkg_tiempos(fast)
-- Optimizing package electrical_pkg(fast)
-- Optimizing package tb_correlacion_ina_2adcs_configurable_to_fpga_v3_sv_unit(fast)
-- Optimizing package top_bioimpedancia_circuito_medida_portable_to_fpga_ina_v3_sv_unit(fast)
-- Optimizing package rp_dac_model_nettype_sv_unit(fast)
-- Optimizing package bioz_block_portable_to_fpga_ina_v3_sv_unit(fast)
-- Optimizing package rp_adc_model_nettype_sv_unit(fast)
-- Inlining module rp_dac_model_nettype(fast)
-- Inlining module bioz_block_portable_to_fpga_ina_v3(fast)
-- Inlining module rp_adc_model_nettype(fast)
-- Inlining module top_bioimpedancia_circuito_medida_portable_to_fpga_ina_v3(fast)
-- Inlining module premodulo_best(fast)
-- Inlining module radicador_64_32(fast)
-- Inlining module Divisor_Alg_ali(fast)
-- Inlining module arctan8best(fast)
-- Inlining module memoria_dual_port(fast)
-- Inlining module DDS_rafa_cuarto(fast)
-- Inlining module Control_path_best_rafa_mejora_correlacion_autoshunt_4p_mejorado(fast)
-- Optimizing module tb_correlacion_portable_python_to_fpga_configurable(fast)
Optimized design name is qrun_opt
End time: 09:25:24 on Sep 30,2026, Elapsed time: 0:00:01
Errors: 0, Warnings: 1
# ** Note: (vsim-220) 'questa.ini' is used as the ini file.
# vsim -batch -lib qrun.out/work -do "run -all; quit -f" -statslog qrun.out/stats_logHNBQ25 qrun_opt -appendlog -l qrun_experimento_k_extremos_to_fpga_ina_configurable_v3.log 
# Start time: 09:25:24 on Sep 30,2026
# //  Questa Sim-64
# //  Version 2026.1_1 linux_x86_64 Mar  2 2026
# //
# // Unpublished work. Copyright 2026 Siemens
# //
# // This material contains trade secrets or otherwise confidential information
# // owned by Siemens Industry Software Inc. or its affiliates (collectively,
# // "SISW"), or its licensors. Access to and use of this information is strictly
# // limited as set forth in the Customer's applicable agreements with SISW.
# //
# // This material may not be copied, distributed, or otherwise disclosed outside
# // of the Customer's facilities without the express written permission of SISW,
# // and may not be used in any way not expressly authorized by SISW.
# //
# Loading sv_std.std
# Loading work.electrical_pkg(fast)
# Loading work.rp_adc_model_nettype_sv_unit(fast)
# Loading work.bioz_block_portable_to_fpga_ina_v3_sv_unit(fast)
# Loading work.rp_dac_model_nettype_sv_unit(fast)
# Loading work.top_bioimpedancia_circuito_medida_portable_to_fpga_ina_v3_sv_unit(fast)
# Loading work.dpi_pkg_tiempos(fast)
# Loading work.tb_correlacion_ina_2adcs_configurable_to_fpga_v3_sv_unit(fast)
# Loading work.tb_correlacion_portable_python_to_fpga_configurable(fast)
# Loading std.standard
# Loading std.textio(body)
# Loading ieee.std_logic_1164(body)
# Loading ieee.std_logic_arith(body)
# Loading ieee.std_logic_unsigned(body)
# Loading ieee.numeric_std(body)
# Loading ieee.math_real(body)
# Loading work.fixed_pkg(body)
# Loading work.memoria_single_port_mejorado(inferencia)#1
# Loading /tmp/eda@hyperion8_dpi_986574/linux_x86_64_gcc-13.4.0/vsim_auto_compile.so
# 
# run -all
# [SYSTEMVERILOG FREQ GEN] Generado freq_log_ideal.dat con          11 puntos entre 1000.00 Hz y 10000.00 Hz
# [rp_dac_model_nettype] Asignando node_out en instancia: tb_correlacion_portable_python_to_fpga_configurable.analog_circuit.dac_p
# [rp_dac_model_nettype] Asignando node_out en instancia: tb_correlacion_portable_python_to_fpga_configurable.analog_circuit.dac_n
# ** Warning: There is an 'U'|'X'|'W'|'Z'|'-' in an arithmetic operand, the result will be 'X'(es).
#    Time: 4 ns  Iteration: 1  Instance: /tb_correlacion_portable_python_to_fpga_configurable/control_path_4p_inst/divisor_fb/arco_tangente1
# ** Warning: CONV_INTEGER: There is an 'U'|'X'|'W'|'Z'|'-' in an arithmetic operand, and it has been converted to 0.
#    Time: 4 ns  Iteration: 1  Instance: /tb_correlacion_portable_python_to_fpga_configurable/control_path_4p_inst/divisor_fb/arco_tangente1
# ** Warning: There is an 'U'|'X'|'W'|'Z'|'-' in an arithmetic operand, the result will be 'X'(es).
#    Time: 4 ns  Iteration: 1  Instance: /tb_correlacion_portable_python_to_fpga_configurable/control_path_4p_inst/divisor_fa/arco_tangente1
# ** Warning: CONV_INTEGER: There is an 'U'|'X'|'W'|'Z'|'-' in an arithmetic operand, and it has been converted to 0.
#    Time: 4 ns  Iteration: 1  Instance: /tb_correlacion_portable_python_to_fpga_configurable/control_path_4p_inst/divisor_fa/arco_tangente1
# 
# =================================================================
#    [V3 DEFINITIVA] INICIANDO MEDIDAS (INYECCIÓN BALANCEADA + OPCIÓN 1)
# =================================================================
# 
# === FREQ:   1000.01 Hz ===
#   [SUJETO 0: PRE-INV]  Mag: 17226.56 Ohm | Fase: -15.12 deg
#   [SUJETO 1: POST-INV] Mag: 17226.56 Ohm | Fase: -15.12 deg | Err_M:  2.49% | Err_F:  4.27 deg
#   [SUJETO 2: GOLDEN]   Mag: 16808.10 Ohm | Fase: -19.40 deg
# === FREQ:   1258.92 Hz ===
#   [SUJETO 0: PRE-INV]  Mag: 16812.50 Ohm | Fase: -18.62 deg
#   [SUJETO 1: POST-INV] Mag: 16812.50 Ohm | Fase: -18.62 deg | Err_M:  3.70% | Err_F:  5.15 deg
#   [SUJETO 2: GOLDEN]   Mag: 16212.63 Ohm | Fase: -23.77 deg
# === FREQ:   1584.91 Hz ===
#   [SUJETO 0: PRE-INV]  Mag: 16218.75 Ohm | Fase: -22.88 deg
#   [SUJETO 1: POST-INV] Mag: 16218.75 Ohm | Fase: -22.87 deg | Err_M:  5.40% | Err_F:  5.89 deg
#   [SUJETO 2: GOLDEN]   Mag: 15387.22 Ohm | Fase: -28.77 deg
# === FREQ:   1995.27 Hz ===
#   [SUJETO 0: PRE-INV]  Mag: 15390.62 Ohm | Fase: -28.00 deg
#   [SUJETO 1: POST-INV] Mag: 15390.62 Ohm | Fase: -28.00 deg | Err_M:  7.59% | Err_F:  6.24 deg
#   [SUJETO 2: GOLDEN]   Mag: 14305.38 Ohm | Fase: -34.24 deg
# === FREQ:   2511.89 Hz ===
#   [SUJETO 0: PRE-INV]  Mag: 14312.50 Ohm | Fase: -33.75 deg
#   [SUJETO 1: POST-INV] Mag: 14312.50 Ohm | Fase: -33.75 deg | Err_M: 10.25% | Err_F:  6.16 deg
#   [SUJETO 2: GOLDEN]   Mag: 12981.50 Ohm | Fase: -39.91 deg
# === FREQ:   3162.28 Hz ===
#   [SUJETO 0: PRE-INV]  Mag: 12984.38 Ohm | Fase: -39.50 deg
#   [SUJETO 1: POST-INV] Mag: 12984.38 Ohm | Fase: -39.50 deg | Err_M: 13.09% | Err_F:  5.92 deg
#   [SUJETO 2: GOLDEN]   Mag: 11481.20 Ohm | Fase: -45.41 deg
# === FREQ:   3981.08 Hz ===
#   [SUJETO 0: PRE-INV]  Mag: 11484.38 Ohm | Fase: -45.00 deg
#   [SUJETO 1: POST-INV] Mag: 11484.38 Ohm | Fase: -45.00 deg | Err_M: 15.90% | Err_F:  5.37 deg
#   [SUJETO 2: GOLDEN]   Mag:  9908.91 Ohm | Fase: -50.37 deg
# === FREQ:   5011.88 Hz ===
#   [SUJETO 0: PRE-INV]  Mag:  9914.06 Ohm | Fase: -50.25 deg
#   [SUJETO 1: POST-INV] Mag:  9914.06 Ohm | Fase: -50.25 deg | Err_M: 18.36% | Err_F:  4.20 deg
#   [SUJETO 2: GOLDEN]   Mag:  8376.05 Ohm | Fase: -54.45 deg
# === FREQ:   6309.56 Hz ===
#   [SUJETO 0: PRE-INV]  Mag:  8375.00 Ohm | Fase: -53.62 deg
#   [SUJETO 1: POST-INV] Mag:  8375.00 Ohm | Fase: -53.62 deg | Err_M: 20.15% | Err_F:  3.79 deg
#   [SUJETO 2: GOLDEN]   Mag:  6970.58 Ohm | Fase: -57.41 deg
# === FREQ:   7943.28 Hz ===
#   [SUJETO 0: PRE-INV]  Mag:  6968.75 Ohm | Fase: -56.62 deg
#   [SUJETO 1: POST-INV] Mag:  6968.75 Ohm | Fase: -56.62 deg | Err_M: 21.33% | Err_F:  2.50 deg
#   [SUJETO 2: GOLDEN]   Mag:  5743.42 Ohm | Fase: -59.12 deg
# === FREQ:   9999.99 Hz ===
#   [SUJETO 0: PRE-INV]  Mag:  5742.19 Ohm | Fase: -58.25 deg
#   [SUJETO 1: POST-INV] Mag:  5742.19 Ohm | Fase: -58.24 deg | Err_M:  0.02% | Err_F:  0.88 deg
#   [SUJETO 2: GOLDEN]   Mag:  5743.42 Ohm | Fase: -59.12 deg
# 
# Simulación finalizada. Procesando datos en Python...
# ** Note: $finish    : ../src/tb_correlacion_ina_2adcs_configurable_to_fpga_v3.sv(547)
#    Time: 27357548 ns  Iteration: 0  Instance: /tb_correlacion_portable_python_to_fpga_configurable
# End time: 09:25:38 on Sep 30,2026, Elapsed time: 0:00:14
# Errors: 0, Warnings: 4
End time: 09:25:38 on Sep 30,2026, Elapsed time: 0:00:15
*** Summary *********************************************
    qrun: Errors:   0, Warnings:   0
    vlog: Errors:   0, Warnings:   1
    vopt: Errors:   0, Warnings:   1
    vsim: Errors:   0, Warnings:   4
  Totals: Errors:   0, Warnings:   6
