QuestaSim-64 qrun 2026.1_1 Utility 2026.03 Mar  2 2026
Start time: 08:59:10 on Sep 29,2026
qrun -ini symphony.out/default_snapshot/questa.ini -reflib ./work -64 -do "symphony.out/default_snapshot/.init.tcl" -O5 -sv "+define+EXPERIMENTO_CONTACTO_150K+ALTAS_FRECUENCIAS+DISPERSION_CONTACTOS+EXPERIMENTO_K_MIN+USE_VAMS_MIXED" -top tb_correlacion_portable_python_to_fpga_configurable "+incdir+../src/" -l qrun_experimento_k_min_to_fpga_ina_configurable_v3_symphony.log -batch -do "run -all; quit -f" ../src/FFT_mariposa.c ../src/dpi_guardar_datos_detalle_tiempos.c ../src/dpi_pkg_tiempos.sv ../src/electrical_pkg.sv ../src/bioz_block_portable_to_fpga_ina_v3.sv ../src/rp_adc_model_nettype.sv ../src/rp_dac_model_nettype.sv ../src/top_bioimpedancia_circuito_medida_portable_mixed_v3.sv ../src/Fixed2Float.v ../src/Float2Fixed.v ../src/NormalCases.v ../src/Overflow.v ../src/SpecialCases.v ../src/FixedShifter.v ../src/FixedShiftCalc.v ../src/Divisor_Alg_ali2.sv ../src/arctan8b.sv ../src/arctan8better2.sv ../src/arctan8best.sv ../src/DDS_rafa_red_cuarto.sv ../src/fixed_pkg.vhd ../src/memoria_dual_port.sv ../src/memoria_single_port_vhdl_2008_arctan.vhd ../src/nuevo_radicador_rapido2.sv ../src/premodulo_generico_best.sv ../src/Control_path_dds_configurable_mejora_correlacion8_autoshunt_sweep_updown_4p_mejorado_quiza_final.sv ../src/tb_correlacion_ina_2adcs_configurable_to_fpga_v3.sv -L symphonycelllib -L symphonyvamscelllib -voptargs="-designfile symphony.out/design.bin"  -qwavedb=+wavedir=symphony.out/default_snapshot/symphony.qdb -suppress 12130 -voptargs="-access=rw+/. -cellaccess=rw+/. -bitscalars -inlineFactor=0  -noSharedArchs "  "+plusarg_save" "+symphony=symphony.out/default_snapshot/.symphonycmdline" -rnmconfigfile symphony_v3.conf -rnmconfiglib /root/solido_symphony/solidosim/symphony/lib.linux_x86_64/libconf_reader.so -symphony -pli "/root/solido_symphony/solidosim/symphony/lib.linux_x86_64/libsymphonyelabvpi.so"

Formatted qrun command:
qrun
    -ini symphony.out/default_snapshot/questa.ini
    -reflib ./work
    -64
    -do "symphony.out/default_snapshot/.init.tcl"
    -O5
    -sv
    "+define+EXPERIMENTO_CONTACTO_150K+ALTAS_FRECUENCIAS+DISPERSION_CONTACTOS+EXPERIMENTO_K_MIN+USE_VAMS_MIXED"
    -top tb_correlacion_portable_python_to_fpga_configurable
    "+incdir+../src/"
    -l qrun_experimento_k_min_to_fpga_ina_configurable_v3_symphony.log
    -batch
    -do "run -all; quit -f"
    ../src/FFT_mariposa.c
    ../src/dpi_guardar_datos_detalle_tiempos.c
    ../src/dpi_pkg_tiempos.sv
    ../src/electrical_pkg.sv
    ../src/bioz_block_portable_to_fpga_ina_v3.sv
    ../src/rp_adc_model_nettype.sv
    ../src/rp_dac_model_nettype.sv
    ../src/top_bioimpedancia_circuito_medida_portable_mixed_v3.sv
    ../src/Fixed2Float.v
    ../src/Float2Fixed.v
    ../src/NormalCases.v
    ../src/Overflow.v
    ../src/SpecialCases.v
    ../src/FixedShifter.v
    ../src/FixedShiftCalc.v
    ../src/Divisor_Alg_ali2.sv
    ../src/arctan8b.sv
    ../src/arctan8better2.sv
    ../src/arctan8best.sv
    ../src/DDS_rafa_red_cuarto.sv
    ../src/fixed_pkg.vhd
    ../src/memoria_dual_port.sv
    ../src/memoria_single_port_vhdl_2008_arctan.vhd
    ../src/nuevo_radicador_rapido2.sv
    ../src/premodulo_generico_best.sv
    ../src/Control_path_dds_configurable_mejora_correlacion8_autoshunt_sweep_updown_4p_mejorado_quiza_final.sv
    ../src/tb_correlacion_ina_2adcs_configurable_to_fpga_v3.sv
    -L symphonycelllib
    -L symphonyvamscelllib
    -voptargs="-designfile symphony.out/design.bin" 
    -qwavedb=+wavedir=symphony.out/default_snapshot/symphony.qdb
    -suppress 12130
    -voptargs="-access=rw+/. -cellaccess=rw+/. -bitscalars -inlineFactor=0  -noSharedArchs " 
    "+plusarg_save"
    "+symphony=symphony.out/default_snapshot/.symphonycmdline"
    -rnmconfigfile symphony_v3.conf
    -rnmconfiglib /root/solido_symphony/solidosim/symphony/lib.linux_x86_64/libconf_reader.so
    -symphony
    -pli "/root/solido_symphony/solidosim/symphony/lib.linux_x86_64/libsymphonyelabvpi.so"

** Note: (qrun-220) 'symphony.out/default_snapshot/questa.ini' is used as the ini file.
** Note: (qrun-20238) Reinvoking vlog command and creating a new session as an old vlog session has been found with common files but different arguments passed:
- New Command: vlog -ini symphony.out/default_snapshot/questa.ini -64 -O5 -sv +define+EXPERIMENTO_CONTACTO_150K+ALTAS_FRECUENCIAS+DISPERSION_CONTACTOS+EXPERIMENTO_K_MIN+USE_VAMS_MIXED +incdir+../src/ -L symphonycelllib -L symphonyvamscelllib -L ./work -suppress 12130 ../src/FFT_mariposa.c ../src/dpi_guardar_datos_detalle_tiempos.c ../src/dpi_pkg_tiempos.sv ../src/electrical_pkg.sv ../src/bioz_block_portable_to_fpga_ina_v3.sv ../src/rp_adc_model_nettype.sv ../src/rp_dac_model_nettype.sv ../src/top_bioimpedancia_circuito_medida_portable_mixed_v3.sv ../src/Fixed2Float.v ../src/Float2Fixed.v ../src/NormalCases.v ../src/Overflow.v ../src/SpecialCases.v ../src/FixedShifter.v ../src/FixedShiftCalc.v ../src/Divisor_Alg_ali2.sv ../src/arctan8b.sv ../src/arctan8better2.sv ../src/arctan8best.sv ../src/DDS_rafa_red_cuarto.sv ../src/memoria_dual_port.sv ../src/nuevo_radicador_rapido2.sv ../src/premodulo_generico_best.sv ../src/Control_path_dds_configurable_mejora_correlacion8_autoshunt_sweep_updown_4p_mejorado_quiza_final.sv ../src/tb_correlacion_ina_2adcs_configurable_to_fpga_v3.sv -work qrun.out/work -statslog qrun.out/stats_log2vHP5v -csession=incr 
- Old Command: vlog -64 -O5 -sv +define+EXPERIMENTO_CONTACTO_150K+ALTAS_FRECUENCIAS+DISPERSION_CONTACTOS+EXPERIMENTO_K_MIN+USE_VAMS_MIXED +incdir+../src/ ../src/FFT_mariposa.c ../src/dpi_guardar_datos_detalle_tiempos.c ../src/dpi_pkg_tiempos.sv ../src/electrical_pkg.sv ../src/bioz_block_portable_to_fpga_ina_v3.sv ../src/rp_adc_model_nettype.sv ../src/rp_dac_model_nettype.sv ../src/top_bioimpedancia_circuito_medida_portable_mixed_v3.sv ../src/Fixed2Float.v ../src/Float2Fixed.v ../src/NormalCases.v ../src/Overflow.v ../src/SpecialCases.v ../src/FixedShifter.v ../src/FixedShiftCalc.v ../src/Divisor_Alg_ali2.sv ../src/arctan8b.sv ../src/arctan8better2.sv ../src/arctan8best.sv ../src/DDS_rafa_red_cuarto.sv ../src/memoria_dual_port.sv ../src/nuevo_radicador_rapido2.sv ../src/premodulo_generico_best.sv ../src/Control_path_dds_configurable_mejora_correlacion8_autoshunt_sweep_updown_4p_mejorado_quiza_final.sv ../src/tb_correlacion_ina_2adcs_configurable_to_fpga_v3.sv -work qrun.out/work -statslog qrun.out/stats_logjn4XCY -csession=incr 
QuestaSim-64 vlog 2026.1_1 Compiler 2026.03 Mar  2 2026
** Warning: (vlog-13288) Multiple macros defined in +define+ command line switch.
Start time: 08:59:10 on Sep 29,2026
vlog -ini symphony.out/default_snapshot/questa.ini -64 -O5 -sv "+define+EXPERIMENTO_CONTACTO_150K+ALTAS_FRECUENCIAS+DISPERSION_CONTACTOS+EXPERIMENTO_K_MIN+USE_VAMS_MIXED" "+incdir+../src/" -L symphonycelllib -L symphonyvamscelllib -L ./work -suppress 12130 ../src/FFT_mariposa.c ../src/dpi_guardar_datos_detalle_tiempos.c ../src/dpi_pkg_tiempos.sv ../src/electrical_pkg.sv ../src/bioz_block_portable_to_fpga_ina_v3.sv ../src/rp_adc_model_nettype.sv ../src/rp_dac_model_nettype.sv ../src/top_bioimpedancia_circuito_medida_portable_mixed_v3.sv ../src/Fixed2Float.v ../src/Float2Fixed.v ../src/NormalCases.v ../src/Overflow.v ../src/SpecialCases.v ../src/FixedShifter.v ../src/FixedShiftCalc.v ../src/Divisor_Alg_ali2.sv ../src/arctan8b.sv ../src/arctan8better2.sv ../src/arctan8best.sv ../src/DDS_rafa_red_cuarto.sv ../src/memoria_dual_port.sv ../src/nuevo_radicador_rapido2.sv ../src/premodulo_generico_best.sv ../src/Control_path_dds_configurable_mejora_correlacion8_autoshunt_sweep_updown_4p_mejorado_quiza_final.sv ../src/tb_correlacion_ina_2adcs_configurable_to_fpga_v3.sv -work qrun.out/work -statslog qrun.out/stats_log2vHP5v -csession=incr 
** Note: (vlog-220) 'symphony.out/default_snapshot/questa.ini' is used as the ini file.
** Note: (vlog-20238) Reinvoking vlog command and creating a new session as an old vlog session has been found with common files but different arguments passed:
- New Command: vlog -ini symphony.out/default_snapshot/questa.ini -64 -O5 -sv +define+EXPERIMENTO_CONTACTO_150K+ALTAS_FRECUENCIAS+DISPERSION_CONTACTOS+EXPERIMENTO_K_MIN+USE_VAMS_MIXED +incdir+../src/ -L symphonycelllib -L symphonyvamscelllib -L ./work -suppress 12130 ../src/FFT_mariposa.c ../src/dpi_guardar_datos_detalle_tiempos.c ../src/dpi_pkg_tiempos.sv ../src/electrical_pkg.sv ../src/bioz_block_portable_to_fpga_ina_v3.sv ../src/rp_adc_model_nettype.sv ../src/rp_dac_model_nettype.sv ../src/top_bioimpedancia_circuito_medida_portable_mixed_v3.sv ../src/Fixed2Float.v ../src/Float2Fixed.v ../src/NormalCases.v ../src/Overflow.v ../src/SpecialCases.v ../src/FixedShifter.v ../src/FixedShiftCalc.v ../src/Divisor_Alg_ali2.sv ../src/arctan8b.sv ../src/arctan8better2.sv ../src/arctan8best.sv ../src/DDS_rafa_red_cuarto.sv ../src/memoria_dual_port.sv ../src/nuevo_radicador_rapido2.sv ../src/premodulo_generico_best.sv ../src/Control_path_dds_configurable_mejora_correlacion8_autoshunt_sweep_updown_4p_mejorado_quiza_final.sv ../src/tb_correlacion_ina_2adcs_configurable_to_fpga_v3.sv -work qrun.out/work -statslog qrun.out/stats_log2vHP5v -csession=incr 
- Old Command: vlog -64 -O5 -sv +define+EXPERIMENTO_CONTACTO_150K+ALTAS_FRECUENCIAS+DISPERSION_CONTACTOS+EXPERIMENTO_K_MIN+USE_VAMS_MIXED +incdir+../src/ ../src/FFT_mariposa.c ../src/dpi_guardar_datos_detalle_tiempos.c ../src/dpi_pkg_tiempos.sv ../src/electrical_pkg.sv ../src/bioz_block_portable_to_fpga_ina_v3.sv ../src/rp_adc_model_nettype.sv ../src/rp_dac_model_nettype.sv ../src/top_bioimpedancia_circuito_medida_portable_mixed_v3.sv ../src/Fixed2Float.v ../src/Float2Fixed.v ../src/NormalCases.v ../src/Overflow.v ../src/SpecialCases.v ../src/FixedShifter.v ../src/FixedShiftCalc.v ../src/Divisor_Alg_ali2.sv ../src/arctan8b.sv ../src/arctan8better2.sv ../src/arctan8best.sv ../src/DDS_rafa_red_cuarto.sv ../src/memoria_dual_port.sv ../src/nuevo_radicador_rapido2.sv ../src/premodulo_generico_best.sv ../src/Control_path_dds_configurable_mejora_correlacion8_autoshunt_sweep_updown_4p_mejorado_quiza_final.sv ../src/tb_correlacion_ina_2adcs_configurable_to_fpga_v3.sv -work qrun.out/work -statslog qrun.out/stats_logjn4XCY -csession=incr 
-- Compiling package dpi_pkg_tiempos
-- Compiling package electrical_pkg
-- Compiling package bioz_block_portable_to_fpga_ina_v3_sv_unit
-- Importing package electrical_pkg
-- Compiling module bioz_block_portable_to_fpga_ina_v3
-- Compiling package rp_adc_model_nettype_sv_unit
-- Compiling module rp_adc_model_nettype
-- Compiling package rp_dac_model_nettype_sv_unit
-- Compiling module rp_dac_model_nettype
-- Compiling package top_bioimpedancia_circuito_medida_portable_mixed_v3_sv_unit
-- Compiling module top_bioimpedancia_circuito_medida_portable_mixed_v3
-- Compiling module Fixed2Float
-- Compiling module Float2Fixed
-- Compiling module NormalCases
-- Compiling module Overflow
-- Compiling module SpecialCases
-- Compiling module FixedShifter
-- Compiling module FixedShiftCalc
-- Compiling module Divisor_Alg_ali
-- Compiling module arctan8b
-- Compiling module arctan8better
-- Compiling module arctan8best
-- Compiling module DDS_rafa_cuarto
-- Compiling module memoria_dual_port
-- Compiling module radicador_64_32
-- Compiling module premodulo_best
-- Compiling module Control_path_best_rafa_mejora_correlacion_autoshunt_4p_mejorado
-- Compiling package tb_correlacion_ina_2adcs_configurable_to_fpga_v3_sv_unit
-- Importing package dpi_pkg_tiempos
-- Compiling module tb_correlacion_portable_python_to_fpga_configurable

Top level modules:
	bioz_block_portable_to_fpga_ina_v3
	rp_adc_model_nettype
	rp_dac_model_nettype
	Fixed2Float
	Float2Fixed
	arctan8b
	arctan8better
	tb_correlacion_portable_python_to_fpga_configurable
-- Compiling DPI/PLI C file ../src/FFT_mariposa.c
-- Compiling DPI/PLI C file ../src/dpi_guardar_datos_detalle_tiempos.c
End time: 08:59:10 on Sep 29,2026, Elapsed time: 0:00:00
Errors: 0, Warnings: 1
** Note: (qrun-20238) Reinvoking vcom command and creating a new session as an old vcom session has been found with common files but different arguments passed:
- New Command: vcom -ini symphony.out/default_snapshot/questa.ini -64 -O5 -suppress 12130 ../src/fixed_pkg.vhd ../src/memoria_single_port_vhdl_2008_arctan.vhd -work qrun.out/work -autoorder -statslog qrun.out/stats_log2vHP5v -csession=incr 
- Old Command: vcom -64 -O5 ../src/fixed_pkg.vhd ../src/memoria_single_port_vhdl_2008_arctan.vhd -work qrun.out/work -autoorder -statslog qrun.out/stats_logjn4XCY -csession=incr 
QuestaSim-64 vcom 2026.1_1 Compiler 2026.03 Mar  2 2026
Start time: 08:59:10 on Sep 29,2026
vcom -ini symphony.out/default_snapshot/questa.ini -64 -O5 -suppress 12130 ../src/fixed_pkg.vhd ../src/memoria_single_port_vhdl_2008_arctan.vhd -work qrun.out/work -autoorder -statslog qrun.out/stats_log2vHP5v -csession=incr 
** Note: (vcom-220) 'symphony.out/default_snapshot/questa.ini' is used as the ini file.
** Note: (vcom-20238) Reinvoking vcom command and creating a new session as an old vcom session has been found with common files but different arguments passed:
- New Command: vcom -ini symphony.out/default_snapshot/questa.ini -64 -O5 -suppress 12130 ../src/fixed_pkg.vhd ../src/memoria_single_port_vhdl_2008_arctan.vhd -work qrun.out/work -autoorder -statslog qrun.out/stats_log2vHP5v -csession=incr 
- Old Command: vcom -64 -O5 ../src/fixed_pkg.vhd ../src/memoria_single_port_vhdl_2008_arctan.vhd -work qrun.out/work -autoorder -statslog qrun.out/stats_logjn4XCY -csession=incr 
-- Loading package STANDARD
-- Scanning package fixed_pkg
-- Scanning package body fixed_pkg
-- Loading package fixed_pkg
-- Scanning entity memoria_single_port_mejorado
-- Scanning architecture inferencia of memoria_single_port_mejorado
End time: 08:59:10 on Sep 29,2026, Elapsed time: 0:00:00
Errors: 0, Warnings: 0
QuestaSim-64 vcom 2026.1_1 Compiler 2026.03 Mar  2 2026
Start time: 08:59:10 on Sep 29,2026
vcom -refresh_marked -work qrun.out/work -csession=incr -statslog qrun.out/stats_log2vHP5v 
-- Loading package STANDARD
-- Loading package TEXTIO
-- Loading package std_logic_1164
-- Loading package NUMERIC_STD
-- Compiling package fixed_pkg
-- Loading package MATH_REAL
-- Compiling package body fixed_pkg
-- Loading package fixed_pkg
** Warning: ../src/fixed_pkg.vhd(1494): (vcom-1246) Range 0 downto 1 is null.
** Warning: ../src/fixed_pkg.vhd(1495): (vcom-1246) Range 0 downto 1 is null.
** Warning: ../src/fixed_pkg.vhd(1496): (vcom-1246) Range 0 downto 1 is null.
** Warning: ../src/fixed_pkg.vhd(6907): (vcom-1246) Range 2 to 1 is null.
-- Loading package std_logic_arith
-- Loading package STD_LOGIC_UNSIGNED
-- Loading package fixed_pkg
-- Compiling entity memoria_single_port_mejorado
-- Compiling architecture inferencia of memoria_single_port_mejorado
End time: 08:59:11 on Sep 29,2026, Elapsed time: 0:00:01
Errors: 0, Warnings: 4
QuestaSim-64 vopt 2026.1_1 Compiler 2026.03 Mar  2 2026
** Note: (vopt-14495) '-O' option is obsolete, and will be ignored.
Start time: 08:59:11 on Sep 29,2026
vopt -ini symphony.out/default_snapshot/questa.ini -O5 -L symphonycelllib -L symphonyvamscelllib -rnmconfigfile symphony_v3.conf -rnmconfiglib /root/solido_symphony/solidosim/symphony/lib.linux_x86_64/libconf_reader.so -symphony -L ./work -designfile symphony.out/design.bin -access=rw+/. -cellaccess=rw+/. -bitscalars -inlineFactor=0 -noSharedArchs tb_correlacion_portable_python_to_fpga_configurable -suppress 12130 -work qrun.out/work -statslog qrun.out/stats_log2vHP5v -csession=incr -o qrun_opt -csessionid=6 
** Note: (vopt-220) 'symphony.out/default_snapshot/questa.ini' is used as the ini file.

Top level modules:
	tb_correlacion_portable_python_to_fpga_configurable

Analyzing design...
-- Loading module tb_correlacion_portable_python_to_fpga_configurable
-- Loading module top_bioimpedancia_circuito_medida_portable_mixed_v3
-- Loading module symphonyvamscelllib.top_bioimpedancia_ams_v3
-- Importing package mtiRnm.mgc_rnm_pkg
-- Loading module symphonyvamscelllib.dac_ams_wrapper
-- Loading module symphonyvamscelllib.analog_top_4p_portable_to_fpga_ina_v3_ams
-- Loading module symphonyvamscelllib.adc_ams_wrapper
-- Loading module Control_path_best_rafa_mejora_correlacion_autoshunt_4p_mejorado
-- Loading module premodulo_best
-- Loading module radicador_64_32
-- Loading module Divisor_Alg_ali
-- Loading module arctan8best
-- Loading package STANDARD
-- Loading package TEXTIO
-- Loading package std_logic_1164
-- Loading package std_logic_arith
-- Loading package STD_LOGIC_UNSIGNED
-- Loading package NUMERIC_STD
-- Loading package fixed_pkg
-- Loading package MATH_REAL
-- Loading entity memoria_single_port_mejorado
-- Loading architecture inferencia of memoria_single_port_mejorado
-- Loading package body fixed_pkg
-- Loading module DDS_rafa_cuarto
-- Loading module memoria_dual_port
** Warning: ../src/tb_correlacion_ina_2adcs_configurable_to_fpga_v3.sv(385): (vopt-2241) Connection width does not match width of port 'numero_rep'. The port definition is at: ../src/Control_path_dds_configurable_mejora_correlacion8_autoshunt_sweep_updown_4p_mejorado_quiza_final.sv(12). Formal Port width: 9 and Actual Port width: 32.
Optimizing 21 design-units (inlining 0/18 module instances, 0/2 architecture instances):
-- Optimizing package dpi_pkg_tiempos(fast)
-- Optimizing package electrical_pkg(fast)
-- Optimizing package tb_correlacion_ina_2adcs_configurable_to_fpga_v3_sv_unit(fast)
-- Optimizing package top_bioimpedancia_circuito_medida_portable_mixed_v3_sv_unit(fast)
-- Optimizing package mtiRnm.mgc_rnm_pkg(fast)
-- Optimizing module tb_correlacion_portable_python_to_fpga_configurable(fast)
** Warning: ../src/tb_correlacion_ina_2adcs_configurable_to_fpga_v3.sv(387): (vopt-2958) Implicit wire 'clk65' does not have any driver.
-- Optimizing module Control_path_best_rafa_mejora_correlacion_autoshunt_4p_mejorado(fast)
-- Optimizing module arctan8best(fast)
-- Optimizing module symphonyvamscelllib.top_bioimpedancia_ams_v3(fast)
-- Optimizing module premodulo_best(fast)
-- Optimizing module top_bioimpedancia_circuito_medida_portable_mixed_v3(fast)
-- Optimizing module Divisor_Alg_ali(fast)
-- Optimizing module DDS_rafa_cuarto(fast)
-- Optimizing module radicador_64_32(fast)
-- Optimizing module symphonyvamscelllib.adc_ams_wrapper(fast)
-- Optimizing module memoria_dual_port(fast)
-- Optimizing module symphonyvamscelllib.dac_ams_wrapper(fast)
-- Optimizing module symphonyvamscelllib.analog_top_4p_portable_to_fpga_ina_v3_ams(fast)
-- Optimizing package fixed_pkg
-- Optimizing package body fixed_pkg
-- Optimizing architecture inferencia of memoria_single_port_mejorado
viscom:
VISCOM: Start time: 08:59:12 on Sep 29,2026

VISCOM: QuestaSim /root/solido_symphony/solidosim/questasim/linux_x86_64/VisualizerRls/bin/viscom 2026.1_1 at 2026.03 Mar  2 2026
VISCOM: Writing symphony.out/design.bin
VISCOM: Done writing symphony.out/design.bin
VISCOM: End time: 08:59:16 on Sep 29,2026, Elapsed time: 0:00:04 (Process Size : 308MB, Peak Process Size : 311MB)


Optimized design name is qrun_opt
End time: 08:59:26 on Sep 29,2026, Elapsed time: 0:00:15
Errors: 0, Warnings: 2
# ** Note: (vsim-220) 'symphony.out/default_snapshot/questa.ini' is used as the ini file.
# vsim -ini symphony.out/default_snapshot/questa.ini -64 -batch -L symphonycelllib -L symphonyvamscelllib -qwavedb=+wavedir=symphony.out/default_snapshot/symphony.qdb "+plusarg_save" "+symphony=symphony.out/default_snapshot/.symphonycmdline" -rnmconfigfile symphony_v3.conf -rnmconfiglib /root/solido_symphony/solidosim/symphony/lib.linux_x86_64/libconf_reader.so -symphony -pli "/root/solido_symphony/solidosim/symphony/lib.linux_x86_64/libsymphonyelabvpi.so" -L ./work -lib qrun.out/work -do "symphony.out/default_snapshot/.init.tcl" -do "run -all; quit -f" -statslog qrun.out/stats_log2vHP5v qrun_opt -suppress 12130 -appendlog -l qrun_experimento_k_min_to_fpga_ina_configurable_v3_symphony.log 
# Start time: 08:59:27 on Sep 29,2026
# Loading Siemens Visualizer shared object '/root/solido_symphony/solidosim/questasim/linux_x86_64/VisualizerRls/bin/libqvisualizer.so'
# //  Questa Sim-64
# //  Version 2026.1_1 linux_x86_64 Mar  2 2026
# //
# // Unpublished work. Copyright 2026 Siemens
# //
# // This material contains trade secrets or otherwise confidential information
# // owned by Siemens Industry Software Inc. or its affiliates (collectively,
# // "SISW"), or its licensors. Access to and use of this information is strictly
# // limited as set forth in the Customer's applicable agreements with SISW.
# //
# // This material may not be copied, distributed, or otherwise disclosed outside
# // of the Customer's facilities without the express written permission of SISW,
# // and may not be used in any way not expressly authorized by SISW.
# //
# Loading sv_std.std
# Loading work.electrical_pkg(fast)
# Loading work.dpi_pkg_tiempos(fast)
# Loading work.tb_correlacion_ina_2adcs_configurable_to_fpga_v3_sv_unit(fast)
# Loading work.tb_correlacion_portable_python_to_fpga_configurable(fast)
# Loading work.top_bioimpedancia_circuito_medida_portable_mixed_v3_sv_unit(fast)
# Loading work.top_bioimpedancia_circuito_medida_portable_mixed_v3(fast)
# Loading mtiRnm.mgc_rnm_pkg
# Loading symphonyvamscelllib.top_bioimpedancia_ams_v3(fast)
# Loading symphonyvamscelllib.dac_ams_wrapper(fast)
# Loading symphonyvamscelllib.analog_top_4p_portable_to_fpga_ina_v3_ams(fast)
# Loading symphonyvamscelllib.adc_ams_wrapper(fast)
# Loading work.Control_path_best_rafa_mejora_correlacion_autoshunt_4p_mejorado(fast)
# Loading work.premodulo_best(fast)
# Loading work.radicador_64_32(fast)
# Loading work.Divisor_Alg_ali(fast)
# Loading work.arctan8best(fast)
# Loading work.DDS_rafa_cuarto(fast)
# Loading work.memoria_dual_port(fast)
# Loading std.standard
# Loading std.textio(body)
# Loading ieee.std_logic_1164(body)
# Loading ieee.std_logic_arith(body)
# Loading ieee.std_logic_unsigned(body)
# Loading ieee.numeric_std(body)
# Loading ieee.math_real(body)
# Loading work.fixed_pkg(body)
# Loading work.memoria_single_port_mejorado(inferencia)#1
# ** Warning: (vsim-3015) [PCDPC] - Port size (9) does not match connection size (32) for port 'numero_rep'. The port definition is at: ../src/Control_path_dds_configurable_mejora_correlacion8_autoshunt_sweep_updown_4p_mejorado_quiza_final.sv(12).
#    Time: 0 ps  Iteration: 0  Instance: /tb_correlacion_portable_python_to_fpga_configurable/control_path_4p_inst File: ../src/tb_correlacion_ina_2adcs_configurable_to_fpga_v3.sv Line: 385
# Loading /tmp/eda@hyperion8_dpi_725467/linux_x86_64_gcc-13.4.0/vsim_auto_compile.so
# Loading /tmp/eda@hyperion8_dpi_725467/linux_x86_64_gcc-13.4.0/STUB_SYMS_OF_libsymphonyelabvpi.so
# Loading /root/solido_symphony/solidosim/symphony/lib.linux_x86_64/libsymphonyelabvpi.so
# 
# do symphony.out/default_snapshot/.init.tcl
# run -all
# qwavedb_dumpvars: Initiating qwavedb waveform capturing
# 
# Info: Enabling parallel (multi-threaded) wave dumping.
# 
# qwavedb_dumpvars: Done initiating qwavedb waveform capturing
# 
# [SYSTEMVERILOG FREQ GEN] Generado freq_log_ideal.dat con          45 puntos entre 40.00 Hz y 1000000.00 Hz
# ** Warning: There is an 'U'|'X'|'W'|'Z'|'-' in an arithmetic operand, the result will be 'X'(es).
#    Time: 4 ns  Iteration: 1  Instance: /tb_correlacion_portable_python_to_fpga_configurable/control_path_4p_inst/divisor_fa/arco_tangente1
# ** Warning: CONV_INTEGER: There is an 'U'|'X'|'W'|'Z'|'-' in an arithmetic operand, and it has been converted to 0.
#    Time: 4 ns  Iteration: 1  Instance: /tb_correlacion_portable_python_to_fpga_configurable/control_path_4p_inst/divisor_fa/arco_tangente1
# ** Warning: There is an 'U'|'X'|'W'|'Z'|'-' in an arithmetic operand, the result will be 'X'(es).
#    Time: 4 ns  Iteration: 1  Instance: /tb_correlacion_portable_python_to_fpga_configurable/control_path_4p_inst/divisor_fb/arco_tangente1
# ** Warning: CONV_INTEGER: There is an 'U'|'X'|'W'|'Z'|'-' in an arithmetic operand, and it has been converted to 0.
#    Time: 4 ns  Iteration: 1  Instance: /tb_correlacion_portable_python_to_fpga_configurable/control_path_4p_inst/divisor_fb/arco_tangente1
# 
# =================================================================
#    [V3 DEFINITIVA] INICIANDO MEDIDAS (INYECCIÓN BALANCEADA + OPCIÓN 1)
# =================================================================
# 
# 
#   [FLASH EXTRACTION] Freq:  40.0 Hz
#     -> Z Bucle Total Medida:      2140 Ohm
#     -> R_contact Dinámica Extraída:       705 Ohm
#     -> R_contact_Force real (promedio):    157175 Ohm (rf1: 148989, rf2: 165361)
#     -> R_contact_Sense real (oculto rs1):    181340 Ohm
# === FREQ:     39.99 Hz ===
#   [SUJETO 0: PRE-INV]  Mag:   679.69 Ohm | Fase: -46.75 deg
#   [SUJETO 1: POST-INV] Mag:   679.69 Ohm | Fase: -46.75 deg | Err_M: 96.22% | Err_F: 45.93 deg
#   [SUJETO 2: GOLDEN]   Mag: 17997.88 Ohm | Fase:  -0.82 deg
# 
#   [FLASH EXTRACTION] Freq:  50.3 Hz
#     -> Z Bucle Total Medida:      5298 Ohm
#     -> R_contact Dinámica Extraída:      2189 Ohm
#     -> R_contact_Force real (promedio):    156636 Ohm (rf1: 148478, rf2: 164794)
#     -> R_contact_Sense real (oculto rs1):    180719 Ohm
# === FREQ:     50.35 Hz ===
#   [SUJETO 0: PRE-INV]  Mag:   871.09 Ohm | Fase: -157.00 deg
#   [SUJETO 1: POST-INV] Mag:   871.09 Ohm | Fase: -157.00 deg | Err_M: 95.16% | Err_F: 155.97 deg
#   [SUJETO 2: GOLDEN]   Mag: 17996.65 Ohm | Fase:  -1.03 deg
# 
#   [FLASH EXTRACTION] Freq:  63.4 Hz
#     -> Z Bucle Total Medida:      5318 Ohm
#     -> R_contact Dinámica Extraída:      1370 Ohm
#     -> R_contact_Force real (promedio):    156331 Ohm (rf1: 148189, rf2: 164473)
#     -> R_contact_Sense real (oculto rs1):    180367 Ohm
# === FREQ:     63.39 Hz ===
#   [SUJETO 0: PRE-INV]  Mag:  2527.34 Ohm | Fase: 148.25 deg
#   [SUJETO 1: POST-INV] Mag:  2527.34 Ohm | Fase: 148.25 deg | Err_M: 85.96% | Err_F: 149.54 deg
#   [SUJETO 2: GOLDEN]   Mag: 17994.69 Ohm | Fase:  -1.29 deg
# 
#   [FLASH EXTRACTION] Freq:  79.8 Hz
#     -> Z Bucle Total Medida:     16607 Ohm
#     -> R_contact Dinámica Extraída:      7380 Ohm
#     -> R_contact_Force real (promedio):    156168 Ohm (rf1: 148034, rf2: 164302)
#     -> R_contact_Sense real (oculto rs1):    180179 Ohm
# === FREQ:     79.80 Hz ===
#   [SUJETO 0: PRE-INV]  Mag:  1796.88 Ohm | Fase: -120.25 deg
#   [SUJETO 1: POST-INV] Mag:  1796.88 Ohm | Fase: -120.25 deg | Err_M: 90.01% | Err_F: 118.62 deg
#   [SUJETO 2: GOLDEN]   Mag: 17991.58 Ohm | Fase:  -1.63 deg
# === FREQ:    100.47 Hz ===
#   [SUJETO 0: PRE-INV]  Mag:   882.81 Ohm | Fase: 166.62 deg
#   [SUJETO 1: POST-INV] Mag:   882.81 Ohm | Fase: 166.63 deg | Err_M: 95.09% | Err_F: 168.67 deg
#   [SUJETO 2: GOLDEN]   Mag: 17986.66 Ohm | Fase:  -2.05 deg
# === FREQ:    126.49 Hz ===
#   [SUJETO 0: PRE-INV]  Mag:   867.19 Ohm | Fase: -207.75 deg
#   [SUJETO 1: POST-INV] Mag:   867.19 Ohm | Fase: -207.75 deg | Err_M: 95.18% | Err_F: 205.17 deg
#   [SUJETO 2: GOLDEN]   Mag: 17978.87 Ohm | Fase:  -2.58 deg
# === FREQ:    159.26 Hz ===
#   [SUJETO 0: PRE-INV]  Mag:   214.84 Ohm | Fase: -113.62 deg
#   [SUJETO 1: POST-INV] Mag:   214.84 Ohm | Fase: -113.62 deg | Err_M: 98.80% | Err_F: 110.38 deg
#   [SUJETO 2: GOLDEN]   Mag: 17966.55 Ohm | Fase:  -3.24 deg
# === FREQ:    200.47 Hz ===
#   [SUJETO 0: PRE-INV]  Mag:  1277.34 Ohm | Fase: -177.75 deg
#   [SUJETO 1: POST-INV] Mag:  1277.34 Ohm | Fase: -177.75 deg | Err_M: 92.88% | Err_F: 173.67 deg
#   [SUJETO 2: GOLDEN]   Mag: 17947.07 Ohm | Fase:  -4.08 deg
# === FREQ:    252.39 Hz ===
#   [SUJETO 0: PRE-INV]  Mag:   812.50 Ohm | Fase: -218.88 deg
#   [SUJETO 1: POST-INV] Mag:   812.50 Ohm | Fase: -218.87 deg | Err_M: 95.47% | Err_F: 213.74 deg
#   [SUJETO 2: GOLDEN]   Mag: 17916.34 Ohm | Fase:  -5.13 deg
# === FREQ:    317.73 Hz ===
#   [SUJETO 0: PRE-INV]  Mag:   976.56 Ohm | Fase: 166.12 deg
#   [SUJETO 1: POST-INV] Mag:   976.56 Ohm | Fase: 166.13 deg | Err_M: 94.53% | Err_F: 172.57 deg
#   [SUJETO 2: GOLDEN]   Mag: 17867.94 Ohm | Fase:  -6.45 deg
# === FREQ:    400.00 Hz ===
#   [SUJETO 0: PRE-INV]  Mag:   992.19 Ohm | Fase: 187.12 deg
#   [SUJETO 1: POST-INV] Mag:   992.19 Ohm | Fase: 187.13 deg | Err_M: 94.42% | Err_F: 195.22 deg
#   [SUJETO 2: GOLDEN]   Mag: 17792.03 Ohm | Fase:  -8.09 deg
# === FREQ:    503.58 Hz ===
#   [SUJETO 0: PRE-INV]  Mag:   437.50 Ohm | Fase: 194.50 deg
#   [SUJETO 1: POST-INV] Mag:   437.50 Ohm | Fase: 194.50 deg | Err_M: 97.52% | Err_F: 204.64 deg
#   [SUJETO 2: GOLDEN]   Mag: 17673.72 Ohm | Fase: -10.13 deg
# === FREQ:    633.97 Hz ===
#   [SUJETO 0: PRE-INV]  Mag:   929.69 Ohm | Fase: -167.75 deg
#   [SUJETO 1: POST-INV] Mag:   929.69 Ohm | Fase: -167.74 deg | Err_M: 94.68% | Err_F: 155.08 deg
#   [SUJETO 2: GOLDEN]   Mag: 17490.97 Ohm | Fase: -12.66 deg
# === FREQ:    798.11 Hz ===
#   [SUJETO 0: PRE-INV]  Mag:   781.25 Ohm | Fase: -188.00 deg
#   [SUJETO 1: POST-INV] Mag:   781.25 Ohm | Fase: -187.99 deg | Err_M: 95.46% | Err_F: 172.24 deg
#   [SUJETO 2: GOLDEN]   Mag: 17212.71 Ohm | Fase: -15.75 deg
# === FREQ:   1004.75 Hz ===
#   [SUJETO 0: PRE-INV]  Mag:   359.38 Ohm | Fase: -217.88 deg
#   [SUJETO 1: POST-INV] Mag:   359.38 Ohm | Fase: -217.86 deg | Err_M: 97.86% | Err_F: 198.38 deg
#   [SUJETO 2: GOLDEN]   Mag: 16797.84 Ohm | Fase: -19.48 deg
# === FREQ:   1264.91 Hz ===
#   [SUJETO 0: PRE-INV]  Mag:   234.38 Ohm | Fase:  37.12 deg
#   [SUJETO 1: POST-INV] Mag:   234.38 Ohm | Fase:  37.14 deg | Err_M: 98.55% | Err_F: 61.01 deg
#   [SUJETO 2: GOLDEN]   Mag: 16198.14 Ohm | Fase: -23.87 deg
# === FREQ:   1592.42 Hz ===
#   [SUJETO 0: PRE-INV]  Mag:   179.69 Ohm | Fase: 321.25 deg
#   [SUJETO 1: POST-INV] Mag:   179.69 Ohm | Fase: 321.27 deg | Err_M: 98.83% | Err_F: 350.15 deg
#   [SUJETO 2: GOLDEN]   Mag: 15367.55 Ohm | Fase: -28.88 deg
# === FREQ:   2004.76 Hz ===
#   [SUJETO 0: PRE-INV]  Mag:   242.19 Ohm | Fase: -183.75 deg
#   [SUJETO 1: POST-INV] Mag:   242.19 Ohm | Fase: -183.73 deg | Err_M: 98.30% | Err_F: 149.37 deg
#   [SUJETO 2: GOLDEN]   Mag: 14280.44 Ohm | Fase: -34.35 deg
# === FREQ:   2523.83 Hz ===
#   [SUJETO 0: PRE-INV]  Mag:   546.88 Ohm | Fase: 177.75 deg
#   [SUJETO 1: POST-INV] Mag:   546.88 Ohm | Fase: 177.78 deg | Err_M: 95.78% | Err_F: 217.80 deg
#   [SUJETO 2: GOLDEN]   Mag: 12952.04 Ohm | Fase: -40.02 deg
# === FREQ:   3177.32 Hz ===
#   [SUJETO 0: PRE-INV]  Mag:   320.31 Ohm | Fase: -189.50 deg
#   [SUJETO 1: POST-INV] Mag:   320.31 Ohm | Fase: -189.46 deg | Err_M: 97.20% | Err_F: 143.94 deg
#   [SUJETO 2: GOLDEN]   Mag: 11449.16 Ohm | Fase: -45.52 deg
# === FREQ:   4000.00 Hz ===
#   [SUJETO 0: PRE-INV]  Mag:   195.31 Ohm | Fase: -229.62 deg
#   [SUJETO 1: POST-INV] Mag:   195.31 Ohm | Fase: -229.58 deg | Err_M: 98.02% | Err_F: 179.11 deg
#   [SUJETO 2: GOLDEN]   Mag:  9876.60 Ohm | Fase: -50.47 deg
# === FREQ:   5035.69 Hz ===
#   [SUJETO 0: PRE-INV]  Mag:   226.56 Ohm | Fase: -167.00 deg
#   [SUJETO 1: POST-INV] Mag:   226.56 Ohm | Fase: -166.94 deg | Err_M: 97.29% | Err_F: 112.42 deg
#   [SUJETO 2: GOLDEN]   Mag:  8345.57 Ohm | Fase: -54.52 deg
# === FREQ:   6339.57 Hz ===
#   [SUJETO 0: PRE-INV]  Mag:  1187.50 Ohm | Fase: -268.75 deg
#   [SUJETO 1: POST-INV] Mag:  1187.50 Ohm | Fase: -268.68 deg | Err_M: 82.90% | Err_F: 211.22 deg
#   [SUJETO 2: GOLDEN]   Mag:  6943.38 Ohm | Fase: -57.46 deg
# === FREQ:   7981.06 Hz ===
#   [SUJETO 0: PRE-INV]  Mag:   375.00 Ohm | Fase:  53.75 deg
#   [SUJETO 1: POST-INV] Mag:   375.00 Ohm | Fase:  53.84 deg | Err_M: 93.44% | Err_F: 112.98 deg
#   [SUJETO 2: GOLDEN]   Mag:  5720.18 Ohm | Fase: -59.14 deg
# === FREQ:  10047.54 Hz ===
#   [SUJETO 0: PRE-INV]  Mag:   401.78 Ohm | Fase: 124.38 deg
#   [SUJETO 1: POST-INV] Mag:   401.78 Ohm | Fase: 124.50 deg | Err_M: 91.44% | Err_F: 184.02 deg
#   [SUJETO 2: GOLDEN]   Mag:  4692.40 Ohm | Fase: -59.52 deg
# === FREQ:  12649.11 Hz ===
#   [SUJETO 0: PRE-INV]  Mag: 13749.79 Ohm | Fase: -14.00 deg
#   [SUJETO 1: POST-INV] Mag: 13749.79 Ohm | Fase: -13.85 deg | Err_M: 256.78% | Err_F: 44.73 deg
#   [SUJETO 2: GOLDEN]   Mag:  3853.82 Ohm | Fase: -58.57 deg
# === FREQ:  15924.28 Hz ===
#   [SUJETO 0: PRE-INV]  Mag:   223.21 Ohm | Fase: -24.75 deg
#   [SUJETO 1: POST-INV] Mag:   223.21 Ohm | Fase: -24.55 deg | Err_M: 92.99% | Err_F: 31.78 deg
#   [SUJETO 2: GOLDEN]   Mag:  3186.29 Ohm | Fase: -56.33 deg
# === FREQ:  20047.48 Hz ===
#   [SUJETO 0: PRE-INV]  Mag:  6089.19 Ohm | Fase:  19.12 deg
#   [SUJETO 1: POST-INV] Mag:  6089.19 Ohm | Fase:  19.37 deg | Err_M: 128.31% | Err_F: 72.26 deg
#   [SUJETO 2: GOLDEN]   Mag:  2667.02 Ohm | Fase: -52.89 deg
# === FREQ:  25238.29 Hz ===
#   [SUJETO 0: PRE-INV]  Mag:  6348.12 Ohm | Fase: -29.38 deg
#   [SUJETO 1: POST-INV] Mag:  6348.12 Ohm | Fase: -29.07 deg | Err_M: 179.33% | Err_F: 19.35 deg
#   [SUJETO 2: GOLDEN]   Mag:  2272.61 Ohm | Fase: -48.41 deg
# === FREQ:  31773.12 Hz ===
#   [SUJETO 0: PRE-INV]  Mag:   160.71 Ohm | Fase: -183.50 deg
#   [SUJETO 1: POST-INV] Mag:   160.71 Ohm | Fase: -183.11 deg | Err_M: 91.89% | Err_F: 139.93 deg
#   [SUJETO 2: GOLDEN]   Mag:  1980.69 Ohm | Fase: -43.18 deg
# === FREQ:  40000.01 Hz ===
#   [SUJETO 0: PRE-INV]  Mag:   285.71 Ohm | Fase: 179.12 deg
#   [SUJETO 1: POST-INV] Mag:   285.71 Ohm | Fase: 179.62 deg | Err_M: 83.86% | Err_F: 217.17 deg
#   [SUJETO 2: GOLDEN]   Mag:  1770.52 Ohm | Fase: -37.56 deg
# === FREQ:  50357.02 Hz ===
#   [SUJETO 0: PRE-INV]  Mag:     8.93 Ohm | Fase: -269.12 deg
#   [SUJETO 1: POST-INV] Mag:     8.93 Ohm | Fase: -268.51 deg | Err_M: 99.45% | Err_F: 236.57 deg
#   [SUJETO 2: GOLDEN]   Mag:  1623.36 Ohm | Fase: -31.93 deg
# === FREQ:  63395.74 Hz ===
#   [SUJETO 0: PRE-INV]  Mag:   187.50 Ohm | Fase:  -3.50 deg
#   [SUJETO 1: POST-INV] Mag:   187.50 Ohm | Fase:  -2.72 deg | Err_M: 87.69% | Err_F: 23.91 deg
#   [SUJETO 2: GOLDEN]   Mag:  1522.95 Ohm | Fase: -26.63 deg
# === FREQ:  79810.50 Hz ===
#   [SUJETO 0: PRE-INV]  Mag:   285.71 Ohm | Fase:   1.62 deg
#   [SUJETO 1: POST-INV] Mag:   285.71 Ohm | Fase:   2.60 deg | Err_M: 80.38% | Err_F: 24.49 deg
#   [SUJETO 2: GOLDEN]   Mag:  1455.92 Ohm | Fase: -21.88 deg
# === FREQ: 100475.44 Hz ===
#   [SUJETO 0: PRE-INV]  Mag:   100.00 Ohm | Fase:   1.12 deg
#   [SUJETO 1: POST-INV] Mag:   100.00 Ohm | Fase:   2.44 deg | Err_M: 92.92% | Err_F: 20.22 deg
#   [SUJETO 2: GOLDEN]   Mag:  1411.95 Ohm | Fase: -17.78 deg
# === FREQ: 126491.10 Hz ===
#   [SUJETO 0: PRE-INV]  Mag:  4068.75 Ohm | Fase: 248.12 deg
#   [SUJETO 1: POST-INV] Mag:  4068.75 Ohm | Fase: 249.78 deg | Err_M: 194.10% | Err_F: 264.12 deg
#   [SUJETO 2: GOLDEN]   Mag:  1383.47 Ohm | Fase: -14.34 deg
# === FREQ: 159242.86 Hz ===
#   [SUJETO 0: PRE-INV]  Mag:   100.00 Ohm | Fase:   1.25 deg
#   [SUJETO 1: POST-INV] Mag:   100.00 Ohm | Fase:   3.34 deg | Err_M: 92.67% | Err_F: 14.84 deg
#   [SUJETO 2: GOLDEN]   Mag:  1365.19 Ohm | Fase: -11.50 deg
# === FREQ: 200474.90 Hz ===
#   [SUJETO 0: PRE-INV]  Mag:   100.00 Ohm | Fase: 357.62 deg
#   [SUJETO 1: POST-INV] Mag:   100.00 Ohm | Fase: 360.25 deg | Err_M: 92.61% | Err_F: 369.45 deg
#   [SUJETO 2: GOLDEN]   Mag:  1353.52 Ohm | Fase:  -9.19 deg
# === FREQ: 252382.95 Hz ===
#   [SUJETO 0: PRE-INV]  Mag:   100.00 Ohm | Fase:  -0.38 deg
#   [SUJETO 1: POST-INV] Mag:   100.00 Ohm | Fase:   2.93 deg | Err_M: 92.57% | Err_F: 10.26 deg
#   [SUJETO 2: GOLDEN]   Mag:  1346.11 Ohm | Fase:  -7.33 deg
# === FREQ: 317731.29 Hz ===
#   [SUJETO 0: PRE-INV]  Mag:   100.00 Ohm | Fase: -359.12 deg
#   [SUJETO 1: POST-INV] Mag:   100.00 Ohm | Fase: -354.96 deg | Err_M: 92.55% | Err_F: 349.12 deg
#   [SUJETO 2: GOLDEN]   Mag:  1341.41 Ohm | Fase:  -5.84 deg
# === FREQ: 399999.99 Hz ===
#   [SUJETO 0: PRE-INV]  Mag:   100.00 Ohm | Fase:   3.50 deg
#   [SUJETO 1: POST-INV] Mag:   100.00 Ohm | Fase:   8.74 deg | Err_M: 92.53% | Err_F: 13.38 deg
#   [SUJETO 2: GOLDEN]   Mag:  1338.43 Ohm | Fase:  -4.64 deg
# === FREQ: 503570.16 Hz ===
#   [SUJETO 0: PRE-INV]  Mag:   100.00 Ohm | Fase:  -0.75 deg
#   [SUJETO 1: POST-INV] Mag:   100.00 Ohm | Fase:   5.84 deg | Err_M: 92.52% | Err_F:  9.53 deg
#   [SUJETO 2: GOLDEN]   Mag:  1336.55 Ohm | Fase:  -3.69 deg
# === FREQ: 633957.27 Hz ===
#   [SUJETO 0: PRE-INV]  Mag:   100.00 Ohm | Fase: 357.12 deg
#   [SUJETO 1: POST-INV] Mag:   100.00 Ohm | Fase: 365.41 deg | Err_M: 92.51% | Err_F: 368.35 deg
#   [SUJETO 2: GOLDEN]   Mag:  1335.37 Ohm | Fase:  -2.94 deg
# === FREQ: 798104.91 Hz ===
#   [SUJETO 0: PRE-INV]  Mag:   100.00 Ohm | Fase:  -1.62 deg
#   [SUJETO 1: POST-INV] Mag:   100.00 Ohm | Fase:   8.78 deg | Err_M: 92.51% | Err_F: 11.13 deg
#   [SUJETO 2: GOLDEN]   Mag:  1334.63 Ohm | Fase:  -2.34 deg
# === FREQ: 999999.99 Hz ===
#   [SUJETO 0: PRE-INV]  Mag:   100.00 Ohm | Fase:   4.75 deg
#   [SUJETO 1: POST-INV] Mag:   100.00 Ohm | Fase:  17.75 deg | Err_M: 92.51% | Err_F: 20.09 deg
#   [SUJETO 2: GOLDEN]   Mag:  1334.63 Ohm | Fase:  -2.34 deg
# 
# Simulación finalizada. Procesando datos en Python...
# ** Note: $finish    : ../src/tb_correlacion_ina_2adcs_configurable_to_fpga_v3.sv(541)
#    Time: 321634348 ns  Iteration: 0  Instance: /tb_correlacion_portable_python_to_fpga_configurable
# End time: 04:56:52 on Sep 30,2026, Elapsed time: 19:57:25
# Errors: 0, Warnings: 5
# Disable bg thread...
# qwavedb_dumpvars : Simulation ending at [74 3806768096] 0
End time: 04:56:53 on Sep 30,2026, Elapsed time: 19:57:43
*** Summary *********************************************
    qrun: Errors:   0, Warnings:   0
    vlog: Errors:   0, Warnings:   1
    vcom: Errors:   0, Warnings:   4
    vopt: Errors:   0, Warnings:   2
    vsim: Errors:   0, Warnings:   5
  Totals: Errors:   0, Warnings:  12
