QuestaSim-64 qrun 2026.1_1 Utility 2026.03 Mar  2 2026
Start time: 10:56:34 on Oct 02,2026
qrun -ini symphony.out/default_snapshot/questa.ini -reflib ./work -64 -do "symphony.out/default_snapshot/.init.tcl" -O5 -sv "+define+EXPERIMENTO_CONTACTO_5K+ALTAS_FRECUENCIAS+DISPERSION_CONTACTOS+EXPERIMENTO_K_MIN+USE_VAMS_MIXED+F_MIN_VAL=1000.0+F_MAX_VAL=10000.0" -top tb_correlacion_portable_python_to_fpga_configurable "+incdir+../src/" -l qrun_experimento_k_min_to_fpga_ina_configurable_v3_symphony.log -batch -do "run -all; quit -f" ../src/FFT_mariposa.c ../src/dpi_guardar_datos_detalle_tiempos.c ../src/dpi_pkg_tiempos.sv ../src/electrical_pkg.sv ../src/bioz_block_portable_to_fpga_ina_v3.sv ../src/rp_adc_model_nettype.sv ../src/rp_dac_model_nettype.sv ../src/top_bioimpedancia_circuito_medida_portable_mixed_v3.sv ../src/Fixed2Float.v ../src/Float2Fixed.v ../src/NormalCases.v ../src/Overflow.v ../src/SpecialCases.v ../src/FixedShifter.v ../src/FixedShiftCalc.v ../src/Divisor_Alg_ali2.sv ../src/arctan8b.sv ../src/arctan8better2.sv ../src/arctan8best.sv ../src/DDS_rafa_red_cuarto.sv ../src/fixed_pkg.vhd ../src/memoria_dual_port.sv ../src/memoria_single_port_vhdl_2008_arctan.vhd ../src/nuevo_radicador_rapido2.sv ../src/premodulo_generico_best.sv ../src/Control_path_dds_configurable_mejora_correlacion8_autoshunt_sweep_updown_4p_mejorado_quiza_final.sv ../src/tb_correlacion_ina_2adcs_configurable_to_fpga_v3.sv -L symphonycelllib -L symphonyvamscelllib -voptargs="-designfile symphony.out/design.bin"  -qwavedb=+wavedir=symphony.out/default_snapshot/symphony.qdb -suppress 12130 -voptargs="-access=rw+/. -cellaccess=rw+/. -bitscalars -inlineFactor=0  -noSharedArchs "  "+plusarg_save" "+symphony=symphony.out/default_snapshot/.symphonycmdline" -rnmconfigfile symphony_v3.conf -rnmconfiglib /root/solido_symphony/solidosim/symphony/lib.linux_x86_64/libconf_reader.so -symphony -pli "/root/solido_symphony/solidosim/symphony/lib.linux_x86_64/libsymphonyelabvpi.so"

Formatted qrun command:
qrun
    -ini symphony.out/default_snapshot/questa.ini
    -reflib ./work
    -64
    -do "symphony.out/default_snapshot/.init.tcl"
    -O5
    -sv
    "+define+EXPERIMENTO_CONTACTO_5K+ALTAS_FRECUENCIAS+DISPERSION_CONTACTOS+EXPERIMENTO_K_MIN+USE_VAMS_MIXED+F_MIN_VAL=1000.0+F_MAX_VAL=10000.0"
    -top tb_correlacion_portable_python_to_fpga_configurable
    "+incdir+../src/"
    -l qrun_experimento_k_min_to_fpga_ina_configurable_v3_symphony.log
    -batch
    -do "run -all; quit -f"
    ../src/FFT_mariposa.c
    ../src/dpi_guardar_datos_detalle_tiempos.c
    ../src/dpi_pkg_tiempos.sv
    ../src/electrical_pkg.sv
    ../src/bioz_block_portable_to_fpga_ina_v3.sv
    ../src/rp_adc_model_nettype.sv
    ../src/rp_dac_model_nettype.sv
    ../src/top_bioimpedancia_circuito_medida_portable_mixed_v3.sv
    ../src/Fixed2Float.v
    ../src/Float2Fixed.v
    ../src/NormalCases.v
    ../src/Overflow.v
    ../src/SpecialCases.v
    ../src/FixedShifter.v
    ../src/FixedShiftCalc.v
    ../src/Divisor_Alg_ali2.sv
    ../src/arctan8b.sv
    ../src/arctan8better2.sv
    ../src/arctan8best.sv
    ../src/DDS_rafa_red_cuarto.sv
    ../src/fixed_pkg.vhd
    ../src/memoria_dual_port.sv
    ../src/memoria_single_port_vhdl_2008_arctan.vhd
    ../src/nuevo_radicador_rapido2.sv
    ../src/premodulo_generico_best.sv
    ../src/Control_path_dds_configurable_mejora_correlacion8_autoshunt_sweep_updown_4p_mejorado_quiza_final.sv
    ../src/tb_correlacion_ina_2adcs_configurable_to_fpga_v3.sv
    -L symphonycelllib
    -L symphonyvamscelllib
    -voptargs="-designfile symphony.out/design.bin" 
    -qwavedb=+wavedir=symphony.out/default_snapshot/symphony.qdb
    -suppress 12130
    -voptargs="-access=rw+/. -cellaccess=rw+/. -bitscalars -inlineFactor=0  -noSharedArchs " 
    "+plusarg_save"
    "+symphony=symphony.out/default_snapshot/.symphonycmdline"
    -rnmconfigfile symphony_v3.conf
    -rnmconfiglib /root/solido_symphony/solidosim/symphony/lib.linux_x86_64/libconf_reader.so
    -symphony
    -pli "/root/solido_symphony/solidosim/symphony/lib.linux_x86_64/libsymphonyelabvpi.so"

** Note: (qrun-220) 'symphony.out/default_snapshot/questa.ini' is used as the ini file.
** Note: (qrun-20238) Reinvoking vlog command and creating a new session as an old vlog session has been found with common files but different arguments passed:
- New Command: vlog -ini symphony.out/default_snapshot/questa.ini -64 -O5 -sv +define+EXPERIMENTO_CONTACTO_5K+ALTAS_FRECUENCIAS+DISPERSION_CONTACTOS+EXPERIMENTO_K_MIN+USE_VAMS_MIXED+F_MIN_VAL=1000.0+F_MAX_VAL=10000.0 +incdir+../src/ -L symphonycelllib -L symphonyvamscelllib -L ./work -suppress 12130 ../src/FFT_mariposa.c ../src/dpi_guardar_datos_detalle_tiempos.c ../src/dpi_pkg_tiempos.sv ../src/electrical_pkg.sv ../src/bioz_block_portable_to_fpga_ina_v3.sv ../src/rp_adc_model_nettype.sv ../src/rp_dac_model_nettype.sv ../src/top_bioimpedancia_circuito_medida_portable_mixed_v3.sv ../src/Fixed2Float.v ../src/Float2Fixed.v ../src/NormalCases.v ../src/Overflow.v ../src/SpecialCases.v ../src/FixedShifter.v ../src/FixedShiftCalc.v ../src/Divisor_Alg_ali2.sv ../src/arctan8b.sv ../src/arctan8better2.sv ../src/arctan8best.sv ../src/DDS_rafa_red_cuarto.sv ../src/memoria_dual_port.sv ../src/nuevo_radicador_rapido2.sv ../src/premodulo_generico_best.sv ../src/Control_path_dds_configurable_mejora_correlacion8_autoshunt_sweep_updown_4p_mejorado_quiza_final.sv ../src/tb_correlacion_ina_2adcs_configurable_to_fpga_v3.sv -work qrun.out/work -statslog qrun.out/stats_loghKNZQs -csession=incr 
- Old Command: vlog -64 -O5 -sv +define+EXPERIMENTO_CONTACTO_5K+ALTAS_FRECUENCIAS+DISPERSION_CONTACTOS+EXPERIMENTO_K_MIN+USE_VAMS_MIXED+F_MIN_VAL=1000.0+F_MAX_VAL=10000.0 +incdir+../src/ ../src/FFT_mariposa.c ../src/dpi_guardar_datos_detalle_tiempos.c ../src/dpi_pkg_tiempos.sv ../src/electrical_pkg.sv ../src/bioz_block_portable_to_fpga_ina_v3.sv ../src/rp_adc_model_nettype.sv ../src/rp_dac_model_nettype.sv ../src/top_bioimpedancia_circuito_medida_portable_mixed_v3.sv ../src/Fixed2Float.v ../src/Float2Fixed.v ../src/NormalCases.v ../src/Overflow.v ../src/SpecialCases.v ../src/FixedShifter.v ../src/FixedShiftCalc.v ../src/Divisor_Alg_ali2.sv ../src/arctan8b.sv ../src/arctan8better2.sv ../src/arctan8best.sv ../src/DDS_rafa_red_cuarto.sv ../src/memoria_dual_port.sv ../src/nuevo_radicador_rapido2.sv ../src/premodulo_generico_best.sv ../src/Control_path_dds_configurable_mejora_correlacion8_autoshunt_sweep_updown_4p_mejorado_quiza_final.sv ../src/tb_correlacion_ina_2adcs_configurable_to_fpga_v3.sv -work qrun.out/work -statslog qrun.out/stats_lognMWc3s -csession=incr 
QuestaSim-64 vlog 2026.1_1 Compiler 2026.03 Mar  2 2026
** Warning: (vlog-13288) Multiple macros defined in +define+ command line switch.
Start time: 10:56:34 on Oct 02,2026
vlog -ini symphony.out/default_snapshot/questa.ini -64 -O5 -sv "+define+EXPERIMENTO_CONTACTO_5K+ALTAS_FRECUENCIAS+DISPERSION_CONTACTOS+EXPERIMENTO_K_MIN+USE_VAMS_MIXED+F_MIN_VAL=1000.0+F_MAX_VAL=10000.0" "+incdir+../src/" -L symphonycelllib -L symphonyvamscelllib -L ./work -suppress 12130 ../src/FFT_mariposa.c ../src/dpi_guardar_datos_detalle_tiempos.c ../src/dpi_pkg_tiempos.sv ../src/electrical_pkg.sv ../src/bioz_block_portable_to_fpga_ina_v3.sv ../src/rp_adc_model_nettype.sv ../src/rp_dac_model_nettype.sv ../src/top_bioimpedancia_circuito_medida_portable_mixed_v3.sv ../src/Fixed2Float.v ../src/Float2Fixed.v ../src/NormalCases.v ../src/Overflow.v ../src/SpecialCases.v ../src/FixedShifter.v ../src/FixedShiftCalc.v ../src/Divisor_Alg_ali2.sv ../src/arctan8b.sv ../src/arctan8better2.sv ../src/arctan8best.sv ../src/DDS_rafa_red_cuarto.sv ../src/memoria_dual_port.sv ../src/nuevo_radicador_rapido2.sv ../src/premodulo_generico_best.sv ../src/Control_path_dds_configurable_mejora_correlacion8_autoshunt_sweep_updown_4p_mejorado_quiza_final.sv ../src/tb_correlacion_ina_2adcs_configurable_to_fpga_v3.sv -work qrun.out/work -statslog qrun.out/stats_loghKNZQs -csession=incr 
** Note: (vlog-220) 'symphony.out/default_snapshot/questa.ini' is used as the ini file.
** Note: (vlog-20238) Reinvoking vlog command and creating a new session as an old vlog session has been found with common files but different arguments passed:
- New Command: vlog -ini symphony.out/default_snapshot/questa.ini -64 -O5 -sv +define+EXPERIMENTO_CONTACTO_5K+ALTAS_FRECUENCIAS+DISPERSION_CONTACTOS+EXPERIMENTO_K_MIN+USE_VAMS_MIXED+F_MIN_VAL=1000.0+F_MAX_VAL=10000.0 +incdir+../src/ -L symphonycelllib -L symphonyvamscelllib -L ./work -suppress 12130 ../src/FFT_mariposa.c ../src/dpi_guardar_datos_detalle_tiempos.c ../src/dpi_pkg_tiempos.sv ../src/electrical_pkg.sv ../src/bioz_block_portable_to_fpga_ina_v3.sv ../src/rp_adc_model_nettype.sv ../src/rp_dac_model_nettype.sv ../src/top_bioimpedancia_circuito_medida_portable_mixed_v3.sv ../src/Fixed2Float.v ../src/Float2Fixed.v ../src/NormalCases.v ../src/Overflow.v ../src/SpecialCases.v ../src/FixedShifter.v ../src/FixedShiftCalc.v ../src/Divisor_Alg_ali2.sv ../src/arctan8b.sv ../src/arctan8better2.sv ../src/arctan8best.sv ../src/DDS_rafa_red_cuarto.sv ../src/memoria_dual_port.sv ../src/nuevo_radicador_rapido2.sv ../src/premodulo_generico_best.sv ../src/Control_path_dds_configurable_mejora_correlacion8_autoshunt_sweep_updown_4p_mejorado_quiza_final.sv ../src/tb_correlacion_ina_2adcs_configurable_to_fpga_v3.sv -work qrun.out/work -statslog qrun.out/stats_loghKNZQs -csession=incr 
- Old Command: vlog -64 -O5 -sv +define+EXPERIMENTO_CONTACTO_5K+ALTAS_FRECUENCIAS+DISPERSION_CONTACTOS+EXPERIMENTO_K_MIN+USE_VAMS_MIXED+F_MIN_VAL=1000.0+F_MAX_VAL=10000.0 +incdir+../src/ ../src/FFT_mariposa.c ../src/dpi_guardar_datos_detalle_tiempos.c ../src/dpi_pkg_tiempos.sv ../src/electrical_pkg.sv ../src/bioz_block_portable_to_fpga_ina_v3.sv ../src/rp_adc_model_nettype.sv ../src/rp_dac_model_nettype.sv ../src/top_bioimpedancia_circuito_medida_portable_mixed_v3.sv ../src/Fixed2Float.v ../src/Float2Fixed.v ../src/NormalCases.v ../src/Overflow.v ../src/SpecialCases.v ../src/FixedShifter.v ../src/FixedShiftCalc.v ../src/Divisor_Alg_ali2.sv ../src/arctan8b.sv ../src/arctan8better2.sv ../src/arctan8best.sv ../src/DDS_rafa_red_cuarto.sv ../src/memoria_dual_port.sv ../src/nuevo_radicador_rapido2.sv ../src/premodulo_generico_best.sv ../src/Control_path_dds_configurable_mejora_correlacion8_autoshunt_sweep_updown_4p_mejorado_quiza_final.sv ../src/tb_correlacion_ina_2adcs_configurable_to_fpga_v3.sv -work qrun.out/work -statslog qrun.out/stats_lognMWc3s -csession=incr 
-- Compiling package dpi_pkg_tiempos
-- Compiling package electrical_pkg
-- Compiling package bioz_block_portable_to_fpga_ina_v3_sv_unit
-- Importing package electrical_pkg
-- Compiling module bioz_block_portable_to_fpga_ina_v3
-- Compiling package rp_adc_model_nettype_sv_unit
-- Compiling module rp_adc_model_nettype
-- Compiling package rp_dac_model_nettype_sv_unit
-- Compiling module rp_dac_model_nettype
-- Compiling package top_bioimpedancia_circuito_medida_portable_mixed_v3_sv_unit
-- Compiling module top_bioimpedancia_circuito_medida_portable_mixed_v3
-- Compiling module Fixed2Float
-- Compiling module Float2Fixed
-- Compiling module NormalCases
-- Compiling module Overflow
-- Compiling module SpecialCases
-- Compiling module FixedShifter
-- Compiling module FixedShiftCalc
-- Compiling module Divisor_Alg_ali
-- Compiling module arctan8b
-- Compiling module arctan8better
-- Compiling module arctan8best
-- Compiling module DDS_rafa_cuarto
-- Compiling module memoria_dual_port
-- Compiling module radicador_64_32
-- Compiling module premodulo_best
-- Compiling module Control_path_best_rafa_mejora_correlacion_autoshunt_4p_mejorado
-- Compiling package tb_correlacion_ina_2adcs_configurable_to_fpga_v3_sv_unit
-- Importing package dpi_pkg_tiempos
-- Compiling module tb_correlacion_portable_python_to_fpga_configurable

Top level modules:
	bioz_block_portable_to_fpga_ina_v3
	rp_adc_model_nettype
	rp_dac_model_nettype
	Fixed2Float
	Float2Fixed
	arctan8b
	arctan8better
	tb_correlacion_portable_python_to_fpga_configurable
-- Compiling DPI/PLI C file ../src/FFT_mariposa.c
-- Compiling DPI/PLI C file ../src/dpi_guardar_datos_detalle_tiempos.c
End time: 10:56:34 on Oct 02,2026, Elapsed time: 0:00:00
Errors: 0, Warnings: 1
** Note: (qrun-20238) Reinvoking vcom command and creating a new session as an old vcom session has been found with common files but different arguments passed:
- New Command: vcom -ini symphony.out/default_snapshot/questa.ini -64 -O5 -suppress 12130 ../src/fixed_pkg.vhd ../src/memoria_single_port_vhdl_2008_arctan.vhd -work qrun.out/work -autoorder -statslog qrun.out/stats_loghKNZQs -csession=incr 
- Old Command: vcom -64 -O5 ../src/fixed_pkg.vhd ../src/memoria_single_port_vhdl_2008_arctan.vhd -work qrun.out/work -autoorder -statslog qrun.out/stats_lognMWc3s -csession=incr 
QuestaSim-64 vcom 2026.1_1 Compiler 2026.03 Mar  2 2026
Start time: 10:56:34 on Oct 02,2026
vcom -ini symphony.out/default_snapshot/questa.ini -64 -O5 -suppress 12130 ../src/fixed_pkg.vhd ../src/memoria_single_port_vhdl_2008_arctan.vhd -work qrun.out/work -autoorder -statslog qrun.out/stats_loghKNZQs -csession=incr 
** Note: (vcom-220) 'symphony.out/default_snapshot/questa.ini' is used as the ini file.
** Note: (vcom-20238) Reinvoking vcom command and creating a new session as an old vcom session has been found with common files but different arguments passed:
- New Command: vcom -ini symphony.out/default_snapshot/questa.ini -64 -O5 -suppress 12130 ../src/fixed_pkg.vhd ../src/memoria_single_port_vhdl_2008_arctan.vhd -work qrun.out/work -autoorder -statslog qrun.out/stats_loghKNZQs -csession=incr 
- Old Command: vcom -64 -O5 ../src/fixed_pkg.vhd ../src/memoria_single_port_vhdl_2008_arctan.vhd -work qrun.out/work -autoorder -statslog qrun.out/stats_lognMWc3s -csession=incr 
-- Loading package STANDARD
-- Scanning package fixed_pkg
-- Scanning package body fixed_pkg
-- Loading package fixed_pkg
-- Scanning entity memoria_single_port_mejorado
-- Scanning architecture inferencia of memoria_single_port_mejorado
End time: 10:56:34 on Oct 02,2026, Elapsed time: 0:00:00
Errors: 0, Warnings: 0
QuestaSim-64 vcom 2026.1_1 Compiler 2026.03 Mar  2 2026
Start time: 10:56:34 on Oct 02,2026
vcom -refresh_marked -work qrun.out/work -csession=incr -statslog qrun.out/stats_loghKNZQs 
-- Loading package STANDARD
-- Loading package TEXTIO
-- Loading package std_logic_1164
-- Loading package NUMERIC_STD
-- Compiling package fixed_pkg
-- Loading package MATH_REAL
-- Compiling package body fixed_pkg
-- Loading package fixed_pkg
** Warning: ../src/fixed_pkg.vhd(1494): (vcom-1246) Range 0 downto 1 is null.
** Warning: ../src/fixed_pkg.vhd(1495): (vcom-1246) Range 0 downto 1 is null.
** Warning: ../src/fixed_pkg.vhd(1496): (vcom-1246) Range 0 downto 1 is null.
** Warning: ../src/fixed_pkg.vhd(6907): (vcom-1246) Range 2 to 1 is null.
-- Loading package std_logic_arith
-- Loading package STD_LOGIC_UNSIGNED
-- Loading package fixed_pkg
-- Compiling entity memoria_single_port_mejorado
-- Compiling architecture inferencia of memoria_single_port_mejorado
End time: 10:56:34 on Oct 02,2026, Elapsed time: 0:00:00
Errors: 0, Warnings: 4
QuestaSim-64 vopt 2026.1_1 Compiler 2026.03 Mar  2 2026
** Note: (vopt-14495) '-O' option is obsolete, and will be ignored.
Start time: 10:56:35 on Oct 02,2026
vopt -ini symphony.out/default_snapshot/questa.ini -O5 -L symphonycelllib -L symphonyvamscelllib -rnmconfigfile symphony_v3.conf -rnmconfiglib /root/solido_symphony/solidosim/symphony/lib.linux_x86_64/libconf_reader.so -symphony -L ./work -designfile symphony.out/design.bin -access=rw+/. -cellaccess=rw+/. -bitscalars -inlineFactor=0 -noSharedArchs tb_correlacion_portable_python_to_fpga_configurable -suppress 12130 -work qrun.out/work -statslog qrun.out/stats_loghKNZQs -csession=incr -o qrun_opt -csessionid=6 
** Note: (vopt-220) 'symphony.out/default_snapshot/questa.ini' is used as the ini file.

Top level modules:
	tb_correlacion_portable_python_to_fpga_configurable

Analyzing design...
-- Loading module tb_correlacion_portable_python_to_fpga_configurable
-- Loading module top_bioimpedancia_circuito_medida_portable_mixed_v3
-- Loading module symphonyvamscelllib.top_bioimpedancia_ams_v3
-- Importing package mtiRnm.mgc_rnm_pkg
-- Loading module symphonyvamscelllib.dac_ams_wrapper
-- Loading module symphonyvamscelllib.analog_top_4p_portable_to_fpga_ina_v3_ams
-- Loading module symphonyvamscelllib.adc_ams_wrapper
-- Loading module Control_path_best_rafa_mejora_correlacion_autoshunt_4p_mejorado
-- Loading module premodulo_best
-- Loading module radicador_64_32
-- Loading module Divisor_Alg_ali
-- Loading module arctan8best
-- Loading package STANDARD
-- Loading package TEXTIO
-- Loading package std_logic_1164
-- Loading package std_logic_arith
-- Loading package STD_LOGIC_UNSIGNED
-- Loading package NUMERIC_STD
-- Loading package fixed_pkg
-- Loading package MATH_REAL
-- Loading entity memoria_single_port_mejorado
-- Loading architecture inferencia of memoria_single_port_mejorado
-- Loading package body fixed_pkg
-- Loading module DDS_rafa_cuarto
-- Loading module memoria_dual_port
** Warning: ../src/tb_correlacion_ina_2adcs_configurable_to_fpga_v3.sv(391): (vopt-2241) Connection width does not match width of port 'numero_rep'. The port definition is at: ../src/Control_path_dds_configurable_mejora_correlacion8_autoshunt_sweep_updown_4p_mejorado_quiza_final.sv(12). Formal Port width: 9 and Actual Port width: 32.
Optimizing 21 design-units (inlining 0/18 module instances, 0/2 architecture instances):
-- Optimizing package dpi_pkg_tiempos(fast)
-- Optimizing package electrical_pkg(fast)
-- Optimizing package tb_correlacion_ina_2adcs_configurable_to_fpga_v3_sv_unit(fast)
-- Optimizing package top_bioimpedancia_circuito_medida_portable_mixed_v3_sv_unit(fast)
-- Optimizing package mtiRnm.mgc_rnm_pkg(fast)
-- Optimizing module tb_correlacion_portable_python_to_fpga_configurable(fast)
** Warning: ../src/tb_correlacion_ina_2adcs_configurable_to_fpga_v3.sv(393): (vopt-2958) Implicit wire 'clk65' does not have any driver.
-- Optimizing module Control_path_best_rafa_mejora_correlacion_autoshunt_4p_mejorado(fast)
-- Optimizing module arctan8best(fast)
-- Optimizing module top_bioimpedancia_circuito_medida_portable_mixed_v3(fast)
-- Optimizing module premodulo_best(fast)
-- Optimizing module Divisor_Alg_ali(fast)
-- Optimizing module DDS_rafa_cuarto(fast)
-- Optimizing module radicador_64_32(fast)
-- Optimizing module symphonyvamscelllib.top_bioimpedancia_ams_v3(fast)
-- Optimizing module symphonyvamscelllib.adc_ams_wrapper(fast)
-- Optimizing module memoria_dual_port(fast)
-- Optimizing module symphonyvamscelllib.dac_ams_wrapper(fast)
-- Optimizing module symphonyvamscelllib.analog_top_4p_portable_to_fpga_ina_v3_ams(fast)
-- Optimizing package fixed_pkg
-- Optimizing package body fixed_pkg
-- Optimizing architecture inferencia of memoria_single_port_mejorado
viscom:
VISCOM: Start time: 10:56:36 on Oct 02,2026

VISCOM: QuestaSim /root/solido_symphony/solidosim/questasim/linux_x86_64/VisualizerRls/bin/viscom 2026.1_1 at 2026.03 Mar  2 2026
VISCOM: Writing symphony.out/design.bin
VISCOM: Done writing symphony.out/design.bin
VISCOM: End time: 10:56:40 on Oct 02,2026, Elapsed time: 0:00:04 (Process Size : 307MB, Peak Process Size : 311MB)


Optimized design name is qrun_opt
End time: 10:56:50 on Oct 02,2026, Elapsed time: 0:00:15
Errors: 0, Warnings: 2
# ** Note: (vsim-220) 'symphony.out/default_snapshot/questa.ini' is used as the ini file.
# vsim -ini symphony.out/default_snapshot/questa.ini -64 -batch -L symphonycelllib -L symphonyvamscelllib -qwavedb=+wavedir=symphony.out/default_snapshot/symphony.qdb "+plusarg_save" "+symphony=symphony.out/default_snapshot/.symphonycmdline" -rnmconfigfile symphony_v3.conf -rnmconfiglib /root/solido_symphony/solidosim/symphony/lib.linux_x86_64/libconf_reader.so -symphony -pli "/root/solido_symphony/solidosim/symphony/lib.linux_x86_64/libsymphonyelabvpi.so" -L ./work -lib qrun.out/work -do "symphony.out/default_snapshot/.init.tcl" -do "run -all; quit -f" -statslog qrun.out/stats_loghKNZQs qrun_opt -suppress 12130 -appendlog -l qrun_experimento_k_min_to_fpga_ina_configurable_v3_symphony.log 
# Start time: 10:56:50 on Oct 02,2026
# Loading Siemens Visualizer shared object '/root/solido_symphony/solidosim/questasim/linux_x86_64/VisualizerRls/bin/libqvisualizer.so'
# //  Questa Sim-64
# //  Version 2026.1_1 linux_x86_64 Mar  2 2026
# //
# // Unpublished work. Copyright 2026 Siemens
# //
# // This material contains trade secrets or otherwise confidential information
# // owned by Siemens Industry Software Inc. or its affiliates (collectively,
# // "SISW"), or its licensors. Access to and use of this information is strictly
# // limited as set forth in the Customer's applicable agreements with SISW.
# //
# // This material may not be copied, distributed, or otherwise disclosed outside
# // of the Customer's facilities without the express written permission of SISW,
# // and may not be used in any way not expressly authorized by SISW.
# //
# Loading sv_std.std
# Loading work.electrical_pkg(fast)
# Loading work.dpi_pkg_tiempos(fast)
# Loading work.tb_correlacion_ina_2adcs_configurable_to_fpga_v3_sv_unit(fast)
# Loading work.tb_correlacion_portable_python_to_fpga_configurable(fast)
# Loading work.top_bioimpedancia_circuito_medida_portable_mixed_v3_sv_unit(fast)
# Loading work.top_bioimpedancia_circuito_medida_portable_mixed_v3(fast)
# Loading mtiRnm.mgc_rnm_pkg
# Loading symphonyvamscelllib.top_bioimpedancia_ams_v3(fast)
# Loading symphonyvamscelllib.dac_ams_wrapper(fast)
# Loading symphonyvamscelllib.analog_top_4p_portable_to_fpga_ina_v3_ams(fast)
# Loading symphonyvamscelllib.adc_ams_wrapper(fast)
# Loading work.Control_path_best_rafa_mejora_correlacion_autoshunt_4p_mejorado(fast)
# Loading work.premodulo_best(fast)
# Loading work.radicador_64_32(fast)
# Loading work.Divisor_Alg_ali(fast)
# Loading work.arctan8best(fast)
# Loading work.DDS_rafa_cuarto(fast)
# Loading work.memoria_dual_port(fast)
# Loading std.standard
# Loading std.textio(body)
# Loading ieee.std_logic_1164(body)
# Loading ieee.std_logic_arith(body)
# Loading ieee.std_logic_unsigned(body)
# Loading ieee.numeric_std(body)
# Loading ieee.math_real(body)
# Loading work.fixed_pkg(body)
# Loading work.memoria_single_port_mejorado(inferencia)#1
# ** Warning: (vsim-3015) [PCDPC] - Port size (9) does not match connection size (32) for port 'numero_rep'. The port definition is at: ../src/Control_path_dds_configurable_mejora_correlacion8_autoshunt_sweep_updown_4p_mejorado_quiza_final.sv(12).
#    Time: 0 ps  Iteration: 0  Instance: /tb_correlacion_portable_python_to_fpga_configurable/control_path_4p_inst File: ../src/tb_correlacion_ina_2adcs_configurable_to_fpga_v3.sv Line: 391
# Loading /tmp/eda@hyperion8_dpi_513925/linux_x86_64_gcc-13.4.0/vsim_auto_compile.so
# Loading /tmp/eda@hyperion8_dpi_513925/linux_x86_64_gcc-13.4.0/STUB_SYMS_OF_libsymphonyelabvpi.so
# Loading /root/solido_symphony/solidosim/symphony/lib.linux_x86_64/libsymphonyelabvpi.so
# 
# do symphony.out/default_snapshot/.init.tcl
# run -all
# qwavedb_dumpvars: Initiating qwavedb waveform capturing
# 
# Info: Enabling parallel (multi-threaded) wave dumping.
# 
# qwavedb_dumpvars: Done initiating qwavedb waveform capturing
# 
# [SYSTEMVERILOG FREQ GEN] Generado freq_log_ideal.dat con          11 puntos entre 1000.00 Hz y 10000.00 Hz
# ** Warning: There is an 'U'|'X'|'W'|'Z'|'-' in an arithmetic operand, the result will be 'X'(es).
#    Time: 4 ns  Iteration: 1  Instance: /tb_correlacion_portable_python_to_fpga_configurable/control_path_4p_inst/divisor_fa/arco_tangente1
# ** Warning: CONV_INTEGER: There is an 'U'|'X'|'W'|'Z'|'-' in an arithmetic operand, and it has been converted to 0.
#    Time: 4 ns  Iteration: 1  Instance: /tb_correlacion_portable_python_to_fpga_configurable/control_path_4p_inst/divisor_fa/arco_tangente1
# ** Warning: There is an 'U'|'X'|'W'|'Z'|'-' in an arithmetic operand, the result will be 'X'(es).
#    Time: 4 ns  Iteration: 1  Instance: /tb_correlacion_portable_python_to_fpga_configurable/control_path_4p_inst/divisor_fb/arco_tangente1
# ** Warning: CONV_INTEGER: There is an 'U'|'X'|'W'|'Z'|'-' in an arithmetic operand, and it has been converted to 0.
#    Time: 4 ns  Iteration: 1  Instance: /tb_correlacion_portable_python_to_fpga_configurable/control_path_4p_inst/divisor_fb/arco_tangente1
# 
# =================================================================
#    [V3 DEFINITIVA] INICIANDO MEDIDAS (INYECCIÓN BALANCEADA + OPCIÓN 1)
# =================================================================
# 
# === FREQ:   1000.01 Hz ===
#   [SUJETO 0: PRE-INV]  Mag:     0.00 Ohm | Fase: -110.50 deg
#   [SUJETO 1: POST-INV] Mag:     0.00 Ohm | Fase: -110.50 deg | Err_M: 100.00% | Err_F: 91.10 deg
#   [SUJETO 2: GOLDEN]   Mag: 16808.10 Ohm | Fase: -19.40 deg
# === FREQ:   1258.92 Hz ===
#   [SUJETO 0: PRE-INV]  Mag:     0.00 Ohm | Fase: -136.62 deg
#   [SUJETO 1: POST-INV] Mag:     0.00 Ohm | Fase: -136.62 deg | Err_M: 100.00% | Err_F: 112.85 deg
#   [SUJETO 2: GOLDEN]   Mag: 16212.63 Ohm | Fase: -23.77 deg
# === FREQ:   1584.91 Hz ===
#   [SUJETO 0: PRE-INV]  Mag:     0.00 Ohm | Fase: -96.12 deg
#   [SUJETO 1: POST-INV] Mag:     0.00 Ohm | Fase: -96.12 deg | Err_M: 100.00% | Err_F: 67.36 deg
#   [SUJETO 2: GOLDEN]   Mag: 15387.22 Ohm | Fase: -28.77 deg
# === FREQ:   1995.27 Hz ===
#   [SUJETO 0: PRE-INV]  Mag:     0.00 Ohm | Fase: -100.38 deg
#   [SUJETO 1: POST-INV] Mag:     0.00 Ohm | Fase: -100.37 deg | Err_M: 100.00% | Err_F: 66.14 deg
#   [SUJETO 2: GOLDEN]   Mag: 14305.38 Ohm | Fase: -34.24 deg
# === FREQ:   2511.89 Hz ===
#   [SUJETO 0: PRE-INV]  Mag:     0.00 Ohm | Fase: -108.62 deg
#   [SUJETO 1: POST-INV] Mag:     0.00 Ohm | Fase: -108.62 deg | Err_M: 100.00% | Err_F: 68.72 deg
#   [SUJETO 2: GOLDEN]   Mag: 12981.50 Ohm | Fase: -39.91 deg
# === FREQ:   3162.28 Hz ===
#   [SUJETO 0: PRE-INV]  Mag:     0.00 Ohm | Fase: -86.62 deg
#   [SUJETO 1: POST-INV] Mag:     0.00 Ohm | Fase: -86.62 deg | Err_M: 100.00% | Err_F: 41.21 deg
#   [SUJETO 2: GOLDEN]   Mag: 11481.20 Ohm | Fase: -45.41 deg
# Simulation stop requested.
# quit -f
# End time: 12:02:55 on Oct 02,2026, Elapsed time: 1:06:05
# Errors: 0, Warnings: 5
# Disable bg thread...
# qwavedb_dumpvars : Simulation ending at [5 2230471521] 0
End time: 12:02:55 on Oct 02,2026, Elapsed time: 1:06:21
*** Summary *********************************************
    qrun: Errors:   2, Warnings:   0
    vlog: Errors:   0, Warnings:   1
    vcom: Errors:   0, Warnings:   4
    vopt: Errors:   0, Warnings:   2
    vsim: Errors:   0, Warnings:   5
  Totals: Errors:   2, Warnings:  12
